Component: ARM Compiler 5.06 update 4 (build 422) Tool: armlink [4d35d2]

==============================================================================

Section Cross References

    ff.o(i.check_fs) refers to ff.o(i.move_window) for move_window
    ff.o(i.check_fs) refers to ff.o(i.ld_word) for ld_word
    ff.o(i.check_fs) refers to ff.o(i.ld_dword) for ld_dword
    ff.o(i.chk_lock) refers to ff.o(.bss) for .bss
    ff.o(i.clear_lock) refers to ff.o(.bss) for .bss
    ff.o(i.cmp_lfn) refers to ff.o(i.ld_word) for ld_word
    ff.o(i.cmp_lfn) refers to ccsbcs.o(i.ff_wtoupper) for ff_wtoupper
    ff.o(i.cmp_lfn) refers to ff.o(.constdata) for .constdata
    ff.o(i.create_chain) refers to ff.o(i.get_fat) for get_fat
    ff.o(i.create_chain) refers to ff.o(i.put_fat) for put_fat
    ff.o(i.create_name) refers to ccsbcs.o(i.ff_convert) for ff_convert
    ff.o(i.create_name) refers to ff.o(i.chk_chr) for chk_chr
    ff.o(i.create_name) refers to ff.o(i.mem_set) for mem_set
    ff.o(i.create_name) refers to ff.o(.constdata) for .constdata
    ff.o(i.dec_lock) refers to ff.o(.bss) for .bss
    ff.o(i.dir_find) refers to ff.o(i.dir_sdi) for dir_sdi
    ff.o(i.dir_find) refers to ff.o(i.move_window) for move_window
    ff.o(i.dir_find) refers to ff.o(i.cmp_lfn) for cmp_lfn
    ff.o(i.dir_find) refers to ff.o(i.sum_sfn) for sum_sfn
    ff.o(i.dir_find) refers to ff.o(i.dir_next) for dir_next
    ff.o(i.dir_next) refers to ff.o(i.get_fat) for get_fat
    ff.o(i.dir_next) refers to ff.o(i.create_chain) for create_chain
    ff.o(i.dir_next) refers to ff.o(i.sync_window) for sync_window
    ff.o(i.dir_next) refers to ff.o(i.mem_set) for mem_set
    ff.o(i.dir_next) refers to ff.o(i.clust2sect) for clust2sect
    ff.o(i.dir_read) refers to ff.o(i.move_window) for move_window
    ff.o(i.dir_read) refers to ff.o(i.pick_lfn) for pick_lfn
    ff.o(i.dir_read) refers to ff.o(i.dir_next) for dir_next
    ff.o(i.dir_read) refers to ff.o(i.sum_sfn) for sum_sfn
    ff.o(i.dir_register) refers to ff.o(i.mem_cpy) for mem_cpy
    ff.o(i.dir_register) refers to ff.o(i.gen_numname) for gen_numname
    ff.o(i.dir_register) refers to ff.o(i.dir_find) for dir_find
    ff.o(i.dir_register) refers to ff.o(i.dir_sdi) for dir_sdi
    ff.o(i.dir_register) refers to ff.o(i.move_window) for move_window
    ff.o(i.dir_register) refers to ff.o(i.dir_next) for dir_next
    ff.o(i.dir_register) refers to ff.o(i.sum_sfn) for sum_sfn
    ff.o(i.dir_register) refers to ff.o(i.st_word) for st_word
    ff.o(i.dir_register) refers to ff.o(i.mem_set) for mem_set
    ff.o(i.dir_register) refers to ff.o(.constdata) for .constdata
    ff.o(i.dir_remove) refers to ff.o(i.dir_sdi) for dir_sdi
    ff.o(i.dir_remove) refers to ff.o(i.move_window) for move_window
    ff.o(i.dir_remove) refers to ff.o(i.dir_next) for dir_next
    ff.o(i.dir_sdi) refers to ff.o(i.get_fat) for get_fat
    ff.o(i.dir_sdi) refers to ff.o(i.clust2sect) for clust2sect
    ff.o(i.f_close) refers to ff.o(i.f_sync) for f_sync
    ff.o(i.f_close) refers to ff.o(i.validate) for validate
    ff.o(i.f_close) refers to ff.o(i.dec_lock) for dec_lock
    ff.o(i.f_closedir) refers to ff.o(i.validate) for validate
    ff.o(i.f_closedir) refers to ff.o(i.dec_lock) for dec_lock
    ff.o(i.f_getfree) refers to ff.o(i.find_volume) for find_volume
    ff.o(i.f_getfree) refers to ff.o(i.get_fat) for get_fat
    ff.o(i.f_getfree) refers to ff.o(i.move_window) for move_window
    ff.o(i.f_getfree) refers to ff.o(i.ld_dword) for ld_dword
    ff.o(i.f_getfree) refers to ff.o(i.ld_word) for ld_word
    ff.o(i.f_gets) refers to ff.o(i.f_read) for f_read
    ff.o(i.f_lseek) refers to ff.o(i.validate) for validate
    ff.o(i.f_lseek) refers to ff.o(i.clmt_clust) for clmt_clust
    ff.o(i.f_lseek) refers to ff.o(i.clust2sect) for clust2sect
    ff.o(i.f_lseek) refers to diskio.o(i.disk_write) for disk_write
    ff.o(i.f_lseek) refers to ff.o(i.get_fat) for get_fat
    ff.o(i.f_lseek) refers to diskio.o(i.disk_read) for disk_read
    ff.o(i.f_lseek) refers to ff.o(i.create_chain) for create_chain
    ff.o(i.f_mkdir) refers to ff.o(i.find_volume) for find_volume
    ff.o(i.f_mkdir) refers to ff.o(i.follow_path) for follow_path
    ff.o(i.f_mkdir) refers to ff.o(i.create_chain) for create_chain
    ff.o(i.f_mkdir) refers to ff.o(i.sync_window) for sync_window
    ff.o(i.f_mkdir) refers to fatfs.o(i.get_fattime) for get_fattime
    ff.o(i.f_mkdir) refers to ff.o(i.clust2sect) for clust2sect
    ff.o(i.f_mkdir) refers to ff.o(i.mem_set) for mem_set
    ff.o(i.f_mkdir) refers to ff.o(i.st_dword) for st_dword
    ff.o(i.f_mkdir) refers to ff.o(i.st_clust) for st_clust
    ff.o(i.f_mkdir) refers to ff.o(i.mem_cpy) for mem_cpy
    ff.o(i.f_mkdir) refers to ff.o(i.dir_register) for dir_register
    ff.o(i.f_mkdir) refers to ff.o(i.remove_chain) for remove_chain
    ff.o(i.f_mkdir) refers to ff.o(i.sync_fs) for sync_fs
    ff.o(i.f_mkfs) refers to ff.o(i.get_ldnumber) for get_ldnumber
[...]
    Removing stm32l4xx_hal_uart.o(i.HAL_MultiProcessor_EnableMuteMode), (44 bytes).
    Removing stm32l4xx_hal_uart.o(i.HAL_MultiProcessor_EnterMuteMode), (12 bytes).
    Removing stm32l4xx_hal_uart.o(i.HAL_MultiProcessor_Init), (138 bytes).
    Removing stm32l4xx_hal_uart.o(i.HAL_UART_Abort), (124 bytes).
    Removing stm32l4xx_hal_uart.o(i.HAL_UART_AbortCpltCallback), (2 bytes).
    Removing stm32l4xx_hal_uart.o(i.HAL_UART_AbortReceive), (86 bytes).
    Removing stm32l4xx_hal_uart.o(i.HAL_UART_AbortReceiveCpltCallback), (2 bytes).
    Removing stm32l4xx_hal_uart.o(i.HAL_UART_AbortReceive_IT), (124 bytes).
    Removing stm32l4xx_hal_uart.o(i.HAL_UART_AbortTransmit), (58 bytes).
    Removing stm32l4xx_hal_uart.o(i.HAL_UART_AbortTransmitCpltCallback), (2 bytes).
    Removing stm32l4xx_hal_uart.o(i.HAL_UART_AbortTransmit_IT), (88 bytes).
    Removing stm32l4xx_hal_uart.o(i.HAL_UART_Abort_IT), (196 bytes).
    Removing stm32l4xx_hal_uart.o(i.HAL_UART_DMAPause), (98 bytes).
    Removing stm32l4xx_hal_uart.o(i.HAL_UART_DMAResume), (92 bytes).
    Removing stm32l4xx_hal_uart.o(i.HAL_UART_DMAStop), (84 bytes).
    Removing stm32l4xx_hal_uart.o(i.HAL_UART_DeInit), (64 bytes).
    Removing stm32l4xx_hal_uart.o(i.HAL_UART_ErrorCallback), (2 bytes).
    Removing stm32l4xx_hal_uart.o(i.HAL_UART_GetError), (4 bytes).
    Removing stm32l4xx_hal_uart.o(i.HAL_UART_GetState), (10 bytes).
    Removing stm32l4xx_hal_uart.o(i.HAL_UART_IRQHandler), (332 bytes).
    Removing stm32l4xx_hal_uart.o(i.HAL_UART_MspDeInit), (2 bytes).
    Removing stm32l4xx_hal_uart.o(i.HAL_UART_MspInit), (2 bytes).
    Removing stm32l4xx_hal_uart.o(i.HAL_UART_Receive), (234 bytes).
    Removing stm32l4xx_hal_uart.o(i.HAL_UART_Receive_DMA), (144 bytes).
    Removing stm32l4xx_hal_uart.o(i.HAL_UART_Receive_IT), (172 bytes).
    Removing stm32l4xx_hal_uart.o(i.HAL_UART_RxCpltCallback), (2 bytes).
    Removing stm32l4xx_hal_uart.o(i.HAL_UART_RxHalfCpltCallback), (2 bytes).
    Removing stm32l4xx_hal_uart.o(i.HAL_UART_Transmit_DMA), (136 bytes).
    Removing stm32l4xx_hal_uart.o(i.HAL_UART_Transmit_IT), (104 bytes).
    Removing stm32l4xx_hal_uart.o(i.HAL_UART_TxCpltCallback), (2 bytes).
    Removing stm32l4xx_hal_uart.o(i.HAL_UART_TxHalfCpltCallback), (2 bytes).
    Removing stm32l4xx_hal_uart.o(i.UART_DMAAbortOnError), (20 bytes).
    Removing stm32l4xx_hal_uart.o(i.UART_DMAError), (74 bytes).
    Removing stm32l4xx_hal_uart.o(i.UART_DMAReceiveCplt), (62 bytes).
    Removing stm32l4xx_hal_uart.o(i.UART_DMARxAbortCallback), (62 bytes).
    Removing stm32l4xx_hal_uart.o(i.UART_DMARxHalfCplt), (10 bytes).
    Removing stm32l4xx_hal_uart.o(i.UART_DMARxOnlyAbortCallback), (38 bytes).
    Removing stm32l4xx_hal_uart.o(i.UART_DMATransmitCplt), (48 bytes).
    Removing stm32l4xx_hal_uart.o(i.UART_DMATxAbortCallback), (52 bytes).
    Removing stm32l4xx_hal_uart.o(i.UART_DMATxHalfCplt), (10 bytes).
    Removing stm32l4xx_hal_uart.o(i.UART_DMATxOnlyAbortCallback), (22 bytes).
    Removing stm32l4xx_hal_uart.o(i.UART_EndRxTransfer), (32 bytes).
    Removing stm32l4xx_hal_uart.o(i.UART_EndTxTransfer), (18 bytes).
    Removing stm32l4xx_hal_uart.o(i.UART_RxISR_16BIT), (92 bytes).
    Removing stm32l4xx_hal_uart.o(i.UART_RxISR_8BIT), (90 bytes).
    Removing stm32l4xx_hal_uart.o(i.UART_TxISR_16BIT), (66 bytes).
    Removing stm32l4xx_hal_uart.o(i.UART_TxISR_8BIT), (60 bytes).
    Removing stm32l4xx_hal_rcc.o(.rev16_text), (4 bytes).
    Removing stm32l4xx_hal_rcc.o(.revsh_text), (4 bytes).
    Removing stm32l4xx_hal_rcc.o(.rrx_text), (6 bytes).
    Removing stm32l4xx_hal_rcc.o(i.HAL_RCC_CSSCallback), (2 bytes).
    Removing stm32l4xx_hal_rcc.o(i.HAL_RCC_DeInit), (108 bytes).
    Removing stm32l4xx_hal_rcc.o(i.HAL_RCC_EnableCSS), (16 bytes).
    Removing stm32l4xx_hal_rcc.o(i.HAL_RCC_GetClockConfig), (64 bytes).
    Removing stm32l4xx_hal_rcc.o(i.HAL_RCC_GetOscConfig), (224 bytes).
    Removing stm32l4xx_hal_rcc.o(i.HAL_RCC_MCOConfig), (72 bytes).
    Removing stm32l4xx_hal_rcc.o(i.HAL_RCC_NMI_IRQHandler), (24 bytes).
    Removing stm32l4xx_hal.o(.rev16_text), (4 bytes).
    Removing stm32l4xx_hal.o(.revsh_text), (4 bytes).
    Removing stm32l4xx_hal.o(.rrx_text), (6 bytes).
    Removing stm32l4xx_hal.o(i.HAL_DBGMCU_DisableDBGSleepMode), (16 bytes).
    Removing stm32l4xx_hal.o(i.HAL_DBGMCU_DisableDBGStandbyMode), (16 bytes).
    Removing stm32l4xx_hal.o(i.HAL_DBGMCU_DisableDBGStopMode), (16 bytes).
    Removing stm32l4xx_hal.o(i.HAL_DBGMCU_EnableDBGSleepMode), (16 bytes).
    Removing stm32l4xx_hal.o(i.HAL_DBGMCU_EnableDBGStandbyMode), (16 bytes).
    Removing stm32l4xx_hal.o(i.HAL_DBGMCU_EnableDBGStopMode), (16 bytes).
    Removing stm32l4xx_hal.o(i.HAL_DeInit), (44 bytes).
    Removing stm32l4xx_hal.o(i.HAL_GetDEVID), (16 bytes).
    Removing stm32l4xx_hal.o(i.HAL_GetHalVersion), (6 bytes).
    Removing stm32l4xx_hal.o(i.HAL_GetREVID), (12 bytes).
    Removing stm32l4xx_hal.o(i.HAL_GetUIDw0), (12 bytes).
    Removing stm32l4xx_hal.o(i.HAL_GetUIDw1), (12 bytes).
    Removing stm32l4xx_hal.o(i.HAL_GetUIDw2), (12 bytes).
    Removing stm32l4xx_hal.o(i.HAL_MspDeInit), (2 bytes).
    Removing stm32l4xx_hal.o(i.HAL_MspInit), (2 bytes).
    Removing stm32l4xx_hal.o(i.HAL_ResumeTick), (14 bytes).
    Removing stm32l4xx_hal.o(i.HAL_SYSCFG_DisableIOAnalogSwitchBooster), (16 bytes).
    Removing stm32l4xx_hal.o(i.HAL_SYSCFG_DisableMemorySwappingBank), (12 bytes).
    Removing stm32l4xx_hal.o(i.HAL_SYSCFG_DisableVREFBUF), (16 bytes).
    Removing stm32l4xx_hal.o(i.HAL_SYSCFG_EnableIOAnalogSwitchBooster), (16 bytes).
    Removing stm32l4xx_hal.o(i.HAL_SYSCFG_EnableMemorySwappingBank), (12 bytes).
    Removing stm32l4xx_hal.o(i.HAL_SYSCFG_EnableVREFBUF), (48 bytes).
    Removing stm32l4xx_hal.o(i.HAL_SYSCFG_SRAM2Erase), (28 bytes).
    Removing stm32l4xx_hal.o(i.HAL_SYSCFG_VREFBUF_HighImpedanceConfig), (20 bytes).
    Removing stm32l4xx_hal.o(i.HAL_SYSCFG_VREFBUF_TrimmingConfig), (20 bytes).
    Removing stm32l4xx_hal.o(i.HAL_SYSCFG_VREFBUF_VoltageScalingConfig), (20 bytes).
    Removing stm32l4xx_hal.o(i.HAL_SuspendTick), (14 bytes).
    Removing stm32l4xx_hal_rcc_ex.o(.rev16_text), (4 bytes).
    Removing stm32l4xx_hal_rcc_ex.o(.revsh_text), (4 bytes).
    Removing stm32l4xx_hal_rcc_ex.o(.rrx_text), (6 bytes).
    Removing stm32l4xx_hal_rcc_ex.o(i.HAL_RCCEx_DisableLSCO), (88 bytes).
    Removing stm32l4xx_hal_rcc_ex.o(i.HAL_RCCEx_DisableLSECSS), (28 bytes).
    Removing stm32l4xx_hal_rcc_ex.o(i.HAL_RCCEx_DisableMSIPLLMode), (16 bytes).
    Removing stm32l4xx_hal_rcc_ex.o(i.HAL_RCCEx_DisablePLLSAI1), (84 bytes).
    Removing stm32l4xx_hal_rcc_ex.o(i.HAL_RCCEx_DisablePLLSAI2), (84 bytes).
    Removing stm32l4xx_hal_rcc_ex.o(i.HAL_RCCEx_EnableLSCO), (140 bytes).
    Removing stm32l4xx_hal_rcc_ex.o(i.HAL_RCCEx_EnableLSECSS), (20 bytes).
    Removing stm32l4xx_hal_rcc_ex.o(i.HAL_RCCEx_EnableLSECSS_IT), (56 bytes).
    Removing stm32l4xx_hal_rcc_ex.o(i.HAL_RCCEx_EnableMSIPLLMode), (16 bytes).
    Removing stm32l4xx_hal_rcc_ex.o(i.HAL_RCCEx_EnablePLLSAI1), (144 bytes).
    Removing stm32l4xx_hal_rcc_ex.o(i.HAL_RCCEx_EnablePLLSAI2), (128 bytes).
    Removing stm32l4xx_hal_rcc_ex.o(i.HAL_RCCEx_GetPeriphCLKConfig), (288 bytes).
    Removing stm32l4xx_hal_rcc_ex.o(i.HAL_RCCEx_GetPeriphCLKFreq), (1088 bytes).
    Removing stm32l4xx_hal_rcc_ex.o(i.HAL_RCCEx_LSECSS_Callback), (2 bytes).
    Removing stm32l4xx_hal_rcc_ex.o(i.HAL_RCCEx_LSECSS_IRQHandler), (24 bytes).
    Removing stm32l4xx_hal_rcc_ex.o(i.HAL_RCCEx_StandbyMSIRangeConfig), (24 bytes).
    Removing stm32l4xx_hal_rcc_ex.o(i.HAL_RCCEx_WakeUpStopCLKConfig), (20 bytes).
    Removing bsp_driver_sd.o(.rev16_text), (4 bytes).
    Removing bsp_driver_sd.o(.revsh_text), (4 bytes).
    Removing bsp_driver_sd.o(.rrx_text), (6 bytes).
    Removing bsp_driver_sd.o(i.BSP_SD_AbortCallback), (2 bytes).
    Removing bsp_driver_sd.o(i.BSP_SD_DetectCallback), (2 bytes).
    Removing bsp_driver_sd.o(i.BSP_SD_DetectIT), (8 bytes).
    Removing bsp_driver_sd.o(i.BSP_SD_Erase), (28 bytes).
    Removing bsp_driver_sd.o(i.BSP_SD_IRQHandler), (12 bytes).
    Removing bsp_driver_sd.o(i.BSP_SD_ITConfig), (4 bytes).
    Removing bsp_driver_sd.o(i.BSP_SD_Init), (36 bytes).
    Removing bsp_driver_sd.o(i.BSP_SD_IsDetected), (14 bytes).
    Removing bsp_driver_sd.o(i.BSP_SD_ReadBlocks), (32 bytes).
    Removing bsp_driver_sd.o(i.BSP_SD_ReadCpltCallback), (2 bytes).
    Removing bsp_driver_sd.o(i.BSP_SD_WriteBlocks), (32 bytes).
    Removing bsp_driver_sd.o(i.BSP_SD_WriteCpltCallback), (2 bytes).
    Removing bsp_driver_sd.o(i.HAL_SD_AbortCallback), (8 bytes).
    Removing bsp_driver_sd.o(i.HAL_SD_TxCpltCallback), (8 bytes).
    Removing stm32l4xx_hal_msp.o(.rev16_text), (4 bytes).
    Removing stm32l4xx_hal_msp.o(.revsh_text), (4 bytes).
    Removing stm32l4xx_hal_msp.o(.rrx_text), (6 bytes).
    Removing stm32l4xx_hal_msp.o(i.HAL_SD_MspDeInit), (60 bytes).
    Removing stm32l4xx_hal_msp.o(i.HAL_SPI_MspDeInit), (60 bytes).
    Removing stm32l4xx_hal_msp.o(i.HAL_UART_MspDeInit), (40 bytes).
    Removing sd_diskio.o(.rev16_text), (4 bytes).
    Removing sd_diskio.o(.revsh_text), (4 bytes).
    Removing sd_diskio.o(.rrx_text), (6 bytes).
    Removing sd_diskio.o(i.BSP_SD_WriteCpltCallback), (12 bytes).
    Removing fatfs.o(.rev16_text), (4 bytes).
    Removing fatfs.o(.revsh_text), (4 bytes).
    Removing fatfs.o(.rrx_text), (6 bytes).
    Removing fatfs.o(i.MX_FATFS_Init), (28 bytes).
    Removing stm32l4xx_it.o(.rev16_text), (4 bytes).
    Removing stm32l4xx_it.o(.revsh_text), (4 bytes).
    Removing stm32l4xx_it.o(.rrx_text), (6 bytes).
    Removing main.o(.rev16_text), (4 bytes).
    Removing main.o(.revsh_text), (4 bytes).
    Removing main.o(.rrx_text), (6 bytes).
    Removing main.o(i.User_SD_File_Read), (112 bytes).
    Removing main.o(.bss), (20 bytes).
    Removing main.o(.bss), (200 bytes).
    Removing main.o(.bss), (200 bytes).

557 unused section(s) (total 44200 bytes) removed from the image.

==============================================================================

Image Symbol Table

    Local Symbols

    Symbol Name                              Value     Ov Type        Size  Object(Section)

    ../Drivers/STM32L4xx_HAL_Driver/Src/stm32l4xx_hal.c 0x00000000   Number         0  stm32l4xx_hal.o ABSOLUTE
    ../Drivers/STM32L4xx_HAL_Driver/Src/stm32l4xx_hal_cortex.c 0x00000000   Number         0  stm32l4xx_hal_cortex.o ABSOLUTE
    ../Drivers/STM32L4xx_HAL_Driver/Src/stm32l4xx_hal_dma.c 0x00000000   Number         0  stm32l4xx_hal_dma.o ABSOLUTE
    ../Drivers/STM32L4xx_HAL_Driver/Src/stm32l4xx_hal_dma_ex.c 0x00000000   Number         0  stm32l4xx_hal_dma_ex.o ABSOLUTE
    ../Drivers/STM32L4xx_HAL_Driver/Src/stm32l4xx_hal_flash.c 0x00000000   Number         0  stm32l4xx_hal_flash.o ABSOLUTE
    ../Drivers/STM32L4xx_HAL_Driver/Src/stm32l4xx_hal_flash_ex.c 0x00000000   Number         0  stm32l4xx_hal_flash_ex.o ABSOLUTE
    ../Drivers/STM32L4xx_HAL_Driver/Src/stm32l4xx_hal_flash_ramfunc.c 0x00000000   Number         0  stm32l4xx_hal_flash_ramfunc.o ABSOLUTE
    ../Drivers/STM32L4xx_HAL_Driver/Src/stm32l4xx_hal_gpio.c 0x00000000   Number         0  stm32l4xx_hal_gpio.o ABSOLUTE
    ../Drivers/STM32L4xx_HAL_Driver/Src/stm32l4xx_hal_i2c.c 0x00000000   Number         0  stm32l4xx_hal_i2c.o ABSOLUTE
    ../Drivers/STM32L4xx_HAL_Driver/Src/stm32l4xx_hal_i2c_ex.c 0x00000000   Number         0  stm32l4xx_hal_i2c_ex.o ABSOLUTE
    ../Drivers/STM32L4xx_HAL_Driver/Src/stm32l4xx_hal_pwr.c 0x00000000   Number         0  stm32l4xx_hal_pwr.o ABSOLUTE
    ../Drivers/STM32L4xx_HAL_Driver/Src/stm32l4xx_hal_pwr_ex.c 0x00000000   Number         0  stm32l4xx_hal_pwr_ex.o ABSOLUTE
    ../Drivers/STM32L4xx_HAL_Driver/Src/stm32l4xx_hal_rcc.c 0x00000000   Number         0  stm32l4xx_hal_rcc.o ABSOLUTE
    ../Drivers/STM32L4xx_HAL_Driver/Src/stm32l4xx_hal_rcc_ex.c 0x00000000   Number         0  stm32l4xx_hal_rcc_ex.o ABSOLUTE
    ../Drivers/STM32L4xx_HAL_Driver/Src/stm32l4xx_hal_sd.c 0x00000000   Number         0  stm32l4xx_hal_sd.o ABSOLUTE
    ../Drivers/STM32L4xx_HAL_Driver/Src/stm32l4xx_hal_sd_ex.c 0x00000000   Number         0  stm32l4xx_hal_sd_ex.o ABSOLUTE
    ../Drivers/STM32L4xx_HAL_Driver/Src/stm32l4xx_hal_spi.c 0x00000000   Number         0  stm32l4xx_hal_spi.o ABSOLUTE
    ../Drivers/STM32L4xx_HAL_Driver/Src/stm32l4xx_hal_spi_ex.c 0x00000000   Number         0  stm32l4xx_hal_spi_ex.o ABSOLUTE
    ../Drivers/STM32L4xx_HAL_Driver/Src/stm32l4xx_hal_tim.c 0x00000000   Number         0  stm32l4xx_hal_tim.o ABSOLUTE
    ../Drivers/STM32L4xx_HAL_Driver/Src/stm32l4xx_hal_tim_ex.c 0x00000000   Number         0  stm32l4xx_hal_tim_ex.o ABSOLUTE
    ../Drivers/STM32L4xx_HAL_Driver/Src/stm32l4xx_hal_uart.c 0x00000000   Number         0  stm32l4xx_hal_uart.o ABSOLUTE
    ../Drivers/STM32L4xx_HAL_Driver/Src/stm32l4xx_hal_uart_ex.c 0x00000000   Number         0  stm32l4xx_hal_uart_ex.o ABSOLUTE
    ../Drivers/STM32L4xx_HAL_Driver/Src/stm32l4xx_ll_sdmmc.c 0x00000000   Number         0  stm32l4xx_ll_sdmmc.o ABSOLUTE
    ../Middlewares/Third_Party/FatFs/src/diskio.c 0x00000000   Number         0  diskio.o ABSOLUTE
    ../Middlewares/Third_Party/FatFs/src/ff.c 0x00000000   Number         0  ff.o ABSOLUTE
    ../Middlewares/Third_Party/FatFs/src/ff_gen_drv.c 0x00000000   Number         0  ff_gen_drv.o ABSOLUTE
    ../Middlewares/Third_Party/FatFs/src/option/ccsbcs.c 0x00000000   Number         0  ccsbcs.o ABSOLUTE
    ../Middlewares/Third_Party/FatFs/src/option/syscall.c 0x00000000   Number         0  syscall.o ABSOLUTE
    ../Src/bsp_driver_sd.c                   0x00000000   Number         0  bsp_driver_sd.o ABSOLUTE
    ../Src/fatfs.c                           0x00000000   Number         0  fatfs.o ABSOLUTE
    ../Src/main.c                            0x00000000   Number         0  main.o ABSOLUTE
    ../Src/sd_diskio.c                       0x00000000   Number         0  sd_diskio.o ABSOLUTE
    ../Src/stm32l4xx_hal_msp.c               0x00000000   Number         0  stm32l4xx_hal_msp.o ABSOLUTE
    ../Src/stm32l4xx_it.c                    0x00000000   Number         0  stm32l4xx_it.o ABSOLUTE
    ../Src/system_stm32l4xx.c                0x00000000   Number         0  system_stm32l4xx.o ABSOLUTE
    ../clib/microlib/division.c              0x00000000   Number         0  uldiv.o ABSOLUTE
    ../clib/microlib/init/entry.s            0x00000000   Number         0  entry10b.o ABSOLUTE
    ../clib/microlib/init/entry.s            0x00000000   Number         0  entry10a.o ABSOLUTE
    ../clib/microlib/init/entry.s            0x00000000   Number         0  entry7b.o ABSOLUTE
    ../clib/microlib/init/entry.s            0x00000000   Number         0  entry7a.o ABSOLUTE
    ../clib/microlib/init/entry.s            0x00000000   Number         0  entry8b.o ABSOLUTE
    ../clib/microlib/init/entry.s            0x00000000   Number         0  entry2.o ABSOLUTE
    ../clib/microlib/init/entry.s            0x00000000   Number         0  entry9a.o ABSOLUTE
    ../clib/microlib/init/entry.s            0x00000000   Number         0  entry11a.o ABSOLUTE
    ../clib/microlib/init/entry.s            0x00000000   Number         0  entry9b.o ABSOLUTE
    ../clib/microlib/init/entry.s            0x00000000   Number         0  entry5.o ABSOLUTE
    ../clib/microlib/init/entry.s            0x00000000   Number         0  entry11b.o ABSOLUTE
    ../clib/microlib/init/entry.s            0x00000000   Number         0  entry.o ABSOLUTE
    ../clib/microlib/init/entry.s            0x00000000   Number         0  entry8a.o ABSOLUTE
    ../clib/microlib/longlong.c              0x00000000   Number         0  llushr.o ABSOLUTE
    ../clib/microlib/longlong.c              0x00000000   Number         0  llshl.o ABSOLUTE
    ../clib/microlib/string/memcpy.c         0x00000000   Number         0  memcpya.o ABSOLUTE
    ../clib/microlib/string/memcpy.c         0x00000000   Number         0  memcpyb.o ABSOLUTE
    ..\Drivers\STM32L4xx_HAL_Driver\Src\stm32l4xx_hal.c 0x00000000   Number         0  stm32l4xx_hal.o ABSOLUTE
    ..\Drivers\STM32L4xx_HAL_Driver\Src\stm32l4xx_hal_cortex.c 0x00000000   Number         0  stm32l4xx_hal_cortex.o ABSOLUTE
    ..\Drivers\STM32L4xx_HAL_Driver\Src\stm32l4xx_hal_dma.c 0x00000000   Number         0  stm32l4xx_hal_dma.o ABSOLUTE
    ..\Drivers\STM32L4xx_HAL_Driver\Src\stm32l4xx_hal_dma_ex.c 0x00000000   Number         0  stm32l4xx_hal_dma_ex.o ABSOLUTE
    ..\Drivers\STM32L4xx_HAL_Driver\Src\stm32l4xx_hal_flash.c 0x00000000   Number         0  stm32l4xx_hal_flash.o ABSOLUTE
    ..\Drivers\STM32L4xx_HAL_Driver\Src\stm32l4xx_hal_flash_ex.c 0x00000000   Number         0  stm32l4xx_hal_flash_ex.o ABSOLUTE
    ..\Drivers\STM32L4xx_HAL_Driver\Src\stm32l4xx_hal_flash_ramfunc.c 0x00000000   Number         0  stm32l4xx_hal_flash_ramfunc.o ABSOLUTE
    ..\Drivers\STM32L4xx_HAL_Driver\Src\stm32l4xx_hal_gpio.c 0x00000000   Number         0  stm32l4xx_hal_gpio.o ABSOLUTE
    ..\Drivers\STM32L4xx_HAL_Driver\Src\stm32l4xx_hal_i2c.c 0x00000000   Number         0  stm32l4xx_hal_i2c.o ABSOLUTE
    ..\Drivers\STM32L4xx_HAL_Driver\Src\stm32l4xx_hal_i2c_ex.c 0x00000000   Number         0  stm32l4xx_hal_i2c_ex.o ABSOLUTE
    ..\Drivers\STM32L4xx_HAL_Driver\Src\stm32l4xx_hal_pwr.c 0x00000000   Number         0  stm32l4xx_hal_pwr.o ABSOLUTE
    ..\Drivers\STM32L4xx_HAL_Driver\Src\stm32l4xx_hal_pwr_ex.c 0x00000000   Number         0  stm32l4xx_hal_pwr_ex.o ABSOLUTE
    ..\Drivers\STM32L4xx_HAL_Driver\Src\stm32l4xx_hal_rcc.c 0x00000000   Number         0  stm32l4xx_hal_rcc.o ABSOLUTE
    ..\Drivers\STM32L4xx_HAL_Driver\Src\stm32l4xx_hal_rcc_ex.c 0x00000000   Number         0  stm32l4xx_hal_rcc_ex.o ABSOLUTE
    ..\Drivers\STM32L4xx_HAL_Driver\Src\stm32l4xx_hal_sd.c 0x00000000   Number         0  stm32l4xx_hal_sd.o ABSOLUTE
    ..\Drivers\STM32L4xx_HAL_Driver\Src\stm32l4xx_hal_sd_ex.c 0x00000000   Number         0  stm32l4xx_hal_sd_ex.o ABSOLUTE
    ..\Drivers\STM32L4xx_HAL_Driver\Src\stm32l4xx_hal_spi.c 0x00000000   Number         0  stm32l4xx_hal_spi.o ABSOLUTE
    ..\Drivers\STM32L4xx_HAL_Driver\Src\stm32l4xx_hal_spi_ex.c 0x00000000   Number         0  stm32l4xx_hal_spi_ex.o ABSOLUTE
    ..\Drivers\STM32L4xx_HAL_Driver\Src\stm32l4xx_hal_tim.c 0x00000000   Number         0  stm32l4xx_hal_tim.o ABSOLUTE
    ..\Drivers\STM32L4xx_HAL_Driver\Src\stm32l4xx_hal_tim_ex.c 0x00000000   Number         0  stm32l4xx_hal_tim_ex.o ABSOLUTE
    ..\Drivers\STM32L4xx_HAL_Driver\Src\stm32l4xx_hal_uart.c 0x00000000   Number         0  stm32l4xx_hal_uart.o ABSOLUTE
    ..\Drivers\STM32L4xx_HAL_Driver\Src\stm32l4xx_hal_uart_ex.c 0x00000000   Number         0  stm32l4xx_hal_uart_ex.o ABSOLUTE
    ..\Drivers\STM32L4xx_HAL_Driver\Src\stm32l4xx_ll_sdmmc.c 0x00000000   Number         0  stm32l4xx_ll_sdmmc.o ABSOLUTE
    ..\Middlewares\Third_Party\FatFs\src\diskio.c 0x00000000   Number         0  diskio.o ABSOLUTE
    ..\Middlewares\Third_Party\FatFs\src\ff.c 0x00000000   Number         0  ff.o ABSOLUTE
    ..\Middlewares\Third_Party\FatFs\src\ff_gen_drv.c 0x00000000   Number         0  ff_gen_drv.o ABSOLUTE
    ..\Middlewares\Third_Party\FatFs\src\option\ccsbcs.c 0x00000000   Number         0  ccsbcs.o ABSOLUTE
    ..\Middlewares\Third_Party\FatFs\src\option\syscall.c 0x00000000   Number         0  syscall.o ABSOLUTE
    ..\Src\bsp_driver_sd.c                   0x00000000   Number         0  bsp_driver_sd.o ABSOLUTE
    ..\Src\fatfs.c                           0x00000000   Number         0  fatfs.o ABSOLUTE
    ..\Src\main.c                            0x00000000   Number         0  main.o ABSOLUTE
    ..\Src\sd_diskio.c                       0x00000000   Number         0  sd_diskio.o ABSOLUTE
    ..\Src\stm32l4xx_hal_msp.c               0x00000000   Number         0  stm32l4xx_hal_msp.o ABSOLUTE
    ..\Src\stm32l4xx_it.c                    0x00000000   Number         0  stm32l4xx_it.o ABSOLUTE
    ..\Src\system_stm32l4xx.c                0x00000000   Number         0  system_stm32l4xx.o ABSOLUTE
    dc.s                                     0x00000000   Number         0  dc.o ABSOLUTE
    handlers.s                               0x00000000   Number         0  handlers.o ABSOLUTE
    init.s                                   0x00000000   Number         0  init.o ABSOLUTE
    startup_stm32l476xx.s                    0x00000000   Number         0  startup_stm32l476xx.o ABSOLUTE
    RESET                                    0x08000000   Section      392  startup_stm32l476xx.o(RESET)
    .ARM.Collect$$$$00000000                 0x08000188   Section        0  entry.o(.ARM.Collect$$$$00000000)
    .ARM.Collect$$$$00000001                 0x08000188   Section        4  entry2.o(.ARM.Collect$$$$00000001)
    .ARM.Collect$$$$00000004                 0x0800018c   Section        4  entry5.o(.ARM.Collect$$$$00000004)
    .ARM.Collect$$$$00000008                 0x08000190   Section        0  entry7b.o(.ARM.Collect$$$$00000008)
    .ARM.Collect$$$$0000000A                 0x08000190   Section        0  entry8b.o(.ARM.Collect$$$$0000000A)
    .ARM.Collect$$$$0000000B                 0x08000190   Section        8  entry9a.o(.ARM.Collect$$$$0000000B)
    .ARM.Collect$$$$0000000D                 0x08000198   Section        0  entry10a.o(.ARM.Collect$$$$0000000D)
    .ARM.Collect$$$$0000000F                 0x08000198   Section        0  entry11a.o(.ARM.Collect$$$$0000000F)
    .ARM.Collect$$$$00002712                 0x08000198   Section        4  entry2.o(.ARM.Collect$$$$00002712)
    __lit__00000000                          0x08000198   Data           4  entry2.o(.ARM.Collect$$$$00002712)
    .text                                    0x0800019c   Section       36  startup_stm32l476xx.o(.text)
    $v0                                      0x0800019c   Number         0  startup_stm32l476xx.o(.text)
    .text                                    0x080001c0   Section        0  uldiv.o(.text)
    .text                                    0x08000228   Section        0  memcpya.o(.text)
    .text                                    0x0800024c   Section        0  llshl.o(.text)
    .text                                    0x0800026a   Section        0  llushr.o(.text)
    .text                                    0x0800028c   Section       36  init.o(.text)
    i.BSP_SD_GetCardInfo                     0x080002b0   Section        0  bsp_driver_sd.o(i.BSP_SD_GetCardInfo)
    i.BSP_SD_GetCardState                    0x080002bc   Section        0  bsp_driver_sd.o(i.BSP_SD_GetCardState)
    i.BSP_SD_ReadBlocks_DMA                  0x080002d4   Section        0  bsp_driver_sd.o(i.BSP_SD_ReadBlocks_DMA)
    i.BSP_SD_ReadCpltCallback                0x080002f0   Section        0  sd_diskio.o(i.BSP_SD_ReadCpltCallback)
    i.BSP_SD_WriteBlocks_DMA                 0x080002fc   Section        0  bsp_driver_sd.o(i.BSP_SD_WriteBlocks_DMA)
    i.DMA_SetConfig                          0x08000318   Section        0  stm32l4xx_hal_dma.o(i.DMA_SetConfig)
    DMA_SetConfig                            0x08000319   Thumb Code    42  stm32l4xx_hal_dma.o(i.DMA_SetConfig)
    i.FATFS_LinkDriver                       0x08000342   Section        0  ff_gen_drv.o(i.FATFS_LinkDriver)
    i.FATFS_LinkDriverEx                     0x08000348   Section        0  ff_gen_drv.o(i.FATFS_LinkDriverEx)
    i.HAL_DMA_Start_IT                       0x08000388   Section        0  stm32l4xx_hal_dma.o(i.HAL_DMA_Start_IT)
    i.HAL_Delay                              0x080003f8   Section        0  stm32l4xx_hal.o(i.HAL_Delay)
    i.HAL_GPIO_Init                          0x08000414   Section        0  stm32l4xx_hal_gpio.o(i.HAL_GPIO_Init)
    i.HAL_GetTick                            0x080005e0   Section        0  stm32l4xx_hal.o(i.HAL_GetTick)
    i.HAL_IncTick                            0x080005ec   Section        0  stm32l4xx_hal.o(i.HAL_IncTick)
    i.HAL_Init                               0x080005fc   Section        0  stm32l4xx_hal.o(i.HAL_Init)
    i.HAL_InitTick                           0x08000620   Section        0  stm32l4xx_hal.o(i.HAL_InitTick)
    i.HAL_MspInit                            0x08000648   Section        0  stm32l4xx_hal_msp.o(i.HAL_MspInit)
    i.HAL_NVIC_SetPriority                   0x080006c8   Section        0  stm32l4xx_hal_cortex.o(i.HAL_NVIC_SetPriority)
    i.HAL_NVIC_SetPriorityGrouping           0x08000708   Section        0  stm32l4xx_hal_cortex.o(i.HAL_NVIC_SetPriorityGrouping)
    i.HAL_PWREx_ControlVoltageScaling        0x0800072c   Section        0  stm32l4xx_hal_pwr_ex.o(i.HAL_PWREx_ControlVoltageScaling)
    i.HAL_PWREx_GetVoltageRange              0x08000790   Section        0  stm32l4xx_hal_pwr_ex.o(i.HAL_PWREx_GetVoltageRange)
    i.HAL_RCCEx_PeriphCLKConfig              0x080007a0   Section        0  stm32l4xx_hal_rcc_ex.o(i.HAL_RCCEx_PeriphCLKConfig)
    i.HAL_RCC_ClockConfig                    0x08000b50   Section        0  stm32l4xx_hal_rcc.o(i.HAL_RCC_ClockConfig)
    i.HAL_RCC_GetHCLKFreq                    0x08000cc8   Section        0  stm32l4xx_hal_rcc.o(i.HAL_RCC_GetHCLKFreq)
    i.HAL_RCC_GetPCLK1Freq                   0x08000cd4   Section        0  stm32l4xx_hal_rcc.o(i.HAL_RCC_GetPCLK1Freq)
    i.HAL_RCC_GetPCLK2Freq                   0x08000cf4   Section        0  stm32l4xx_hal_rcc.o(i.HAL_RCC_GetPCLK2Freq)
    i.HAL_RCC_GetSysClockFreq                0x08000d14   Section        0  stm32l4xx_hal_rcc.o(i.HAL_RCC_GetSysClockFreq)
    i.HAL_RCC_OscConfig                      0x08000dd8   Section        0  stm32l4xx_hal_rcc.o(i.HAL_RCC_OscConfig)
    i.HAL_SD_ErrorCallback                   0x08001240   Section        0  stm32l4xx_hal_sd.o(i.HAL_SD_ErrorCallback)
    i.HAL_SD_GetCardCSD                      0x08001242   Section        0  stm32l4xx_hal_sd.o(i.HAL_SD_GetCardCSD)
    i.HAL_SD_GetCardInfo                     0x0800141c   Section        0  stm32l4xx_hal_sd.o(i.HAL_SD_GetCardInfo)
    i.HAL_SD_GetCardState                    0x08001440   Section        0  stm32l4xx_hal_sd.o(i.HAL_SD_GetCardState)
    i.HAL_SD_Init                            0x0800146c   Section        0  stm32l4xx_hal_sd.o(i.HAL_SD_Init)
    i.HAL_SD_InitCard                        0x080014a2   Section        0  stm32l4xx_hal_sd.o(i.HAL_SD_InitCard)
    i.HAL_SD_MspInit                         0x08001504   Section        0  stm32l4xx_hal_msp.o(i.HAL_SD_MspInit)
    i.HAL_SD_ReadBlocks_DMA                  0x0800155c   Section        0  stm32l4xx_hal_sd.o(i.HAL_SD_ReadBlocks_DMA)
    i.HAL_SD_RxCpltCallback                  0x08001650   Section        0  bsp_driver_sd.o(i.HAL_SD_RxCpltCallback)
    i.HAL_SD_WriteBlocks_DMA                 0x08001658   Section        0  stm32l4xx_hal_sd.o(i.HAL_SD_WriteBlocks_DMA)
    i.HAL_SPI_Init                           0x08001756   Section        0  stm32l4xx_hal_spi.o(i.HAL_SPI_Init)
    i.HAL_SPI_MspInit                        0x08001804   Section        0  stm32l4xx_hal_msp.o(i.HAL_SPI_MspInit)
    i.HAL_SYSTICK_CLKSourceConfig            0x0800185c   Section        0  stm32l4xx_hal_cortex.o(i.HAL_SYSTICK_CLKSourceConfig)
    i.HAL_SYSTICK_Callback                   0x08001874   Section        0  stm32l4xx_hal_cortex.o(i.HAL_SYSTICK_Callback)
    i.HAL_SYSTICK_Config                     0x08001876   Section        0  stm32l4xx_hal_cortex.o(i.HAL_SYSTICK_Config)
    i.HAL_SYSTICK_IRQHandler                 0x0800189e   Section        0  stm32l4xx_hal_cortex.o(i.HAL_SYSTICK_IRQHandler)
    i.HAL_UART_Init                          0x080018a6   Section        0  stm32l4xx_hal_uart.o(i.HAL_UART_Init)
    i.HAL_UART_MspInit                       0x08001910   Section        0  stm32l4xx_hal_msp.o(i.HAL_UART_MspInit)
    i.HAL_UART_Transmit                      0x08001958   Section        0  stm32l4xx_hal_uart.o(i.HAL_UART_Transmit)
    i.MX_GPIO_Init                           0x08001a08   Section        0  main.o(i.MX_GPIO_Init)
    MX_GPIO_Init                             0x08001a09   Thumb Code    86  main.o(i.MX_GPIO_Init)
    i.MX_SPI3_Init                           0x08001a64   Section        0  main.o(i.MX_SPI3_Init)
    MX_SPI3_Init                             0x08001a65   Thumb Code    72  main.o(i.MX_SPI3_Init)
    i.MX_USART2_UART_Init                    0x08001ad0   Section        0  main.o(i.MX_USART2_UART_Init)
    MX_USART2_UART_Init                      0x08001ad1   Thumb Code    56  main.o(i.MX_USART2_UART_Init)
    i.NVIC_SetPriority                       0x08001b2c   Section        0  stm32l4xx_hal_cortex.o(i.NVIC_SetPriority)
    NVIC_SetPriority                         0x08001b2d   Thumb Code    32  stm32l4xx_hal_cortex.o(i.NVIC_SetPriority)
    i.PendSV_Handler                         0x08001b4c   Section        0  stm32l4xx_it.o(i.PendSV_Handler)
    i.RCCEx_PLLSAI1_Config                   0x08001b50   Section        0  stm32l4xx_hal_rcc_ex.o(i.RCCEx_PLLSAI1_Config)
    RCCEx_PLLSAI1_Config                     0x08001b51   Thumb Code   278  stm32l4xx_hal_rcc_ex.o(i.RCCEx_PLLSAI1_Config)
    i.RCCEx_PLLSAI2_Config                   0x08001c7c   Section        0  stm32l4xx_hal_rcc_ex.o(i.RCCEx_PLLSAI2_Config)
    RCCEx_PLLSAI2_Config                     0x08001c7d   Thumb Code   250  stm32l4xx_hal_rcc_ex.o(i.RCCEx_PLLSAI2_Config)
    i.RCC_SetFlashLatencyFromMSIRange        0x08001d84   Section        0  stm32l4xx_hal_rcc.o(i.RCC_SetFlashLatencyFromMSIRange)
    RCC_SetFlashLatencyFromMSIRange          0x08001d85   Thumb Code   116  stm32l4xx_hal_rcc.o(i.RCC_SetFlashLatencyFromMSIRange)
    i.SDMMC_CmdAppCommand                    0x08001e00   Section        0  stm32l4xx_ll_sdmmc.o(i.SDMMC_CmdAppCommand)
    i.SDMMC_CmdAppOperCommand                0x08001e34   Section        0  stm32l4xx_ll_sdmmc.o(i.SDMMC_CmdAppOperCommand)
    i.SDMMC_CmdBlockLength                   0x08001e68   Section        0  stm32l4xx_ll_sdmmc.o(i.SDMMC_CmdBlockLength)
    i.SDMMC_CmdGoIdleState                   0x08001e9c   Section        0  stm32l4xx_ll_sdmmc.o(i.SDMMC_CmdGoIdleState)
    i.SDMMC_CmdOperCond                      0x08001eec   Section        0  stm32l4xx_ll_sdmmc.o(i.SDMMC_CmdOperCond)
    i.SDMMC_CmdReadMultiBlock                0x08001f54   Section        0  stm32l4xx_ll_sdmmc.o(i.SDMMC_CmdReadMultiBlock)
    i.SDMMC_CmdReadSingleBlock               0x08001f86   Section        0  stm32l4xx_ll_sdmmc.o(i.SDMMC_CmdReadSingleBlock)
    i.SDMMC_CmdSelDesel                      0x08001fb8   Section        0  stm32l4xx_ll_sdmmc.o(i.SDMMC_CmdSelDesel)
    i.SDMMC_CmdSendCID                       0x08001fea   Section        0  stm32l4xx_ll_sdmmc.o(i.SDMMC_CmdSendCID)
    i.SDMMC_CmdSendCSD                       0x08002016   Section        0  stm32l4xx_ll_sdmmc.o(i.SDMMC_CmdSendCSD)
    i.SDMMC_CmdSendStatus                    0x08002042   Section        0  stm32l4xx_ll_sdmmc.o(i.SDMMC_CmdSendStatus)
    i.SDMMC_CmdSetRelAdd                     0x08002074   Section        0  stm32l4xx_ll_sdmmc.o(i.SDMMC_CmdSetRelAdd)
    i.SDMMC_CmdStopTransfer                  0x080020a4   Section        0  stm32l4xx_ll_sdmmc.o(i.SDMMC_CmdStopTransfer)
    i.SDMMC_CmdWriteMultiBlock               0x080020d8   Section        0  stm32l4xx_ll_sdmmc.o(i.SDMMC_CmdWriteMultiBlock)
    i.SDMMC_CmdWriteSingleBlock              0x0800210a   Section        0  stm32l4xx_ll_sdmmc.o(i.SDMMC_CmdWriteSingleBlock)
    i.SDMMC_ConfigData                       0x0800213c   Section        0  stm32l4xx_ll_sdmmc.o(i.SDMMC_ConfigData)
    i.SDMMC_GetCmdResp1                      0x08002160   Section        0  stm32l4xx_ll_sdmmc.o(i.SDMMC_GetCmdResp1)
    SDMMC_GetCmdResp1                        0x08002161   Thumb Code   276  stm32l4xx_ll_sdmmc.o(i.SDMMC_GetCmdResp1)
    i.SDMMC_GetCmdResp2                      0x0800227c   Section        0  stm32l4xx_ll_sdmmc.o(i.SDMMC_GetCmdResp2)
    SDMMC_GetCmdResp2                        0x0800227d   Thumb Code    74  stm32l4xx_ll_sdmmc.o(i.SDMMC_GetCmdResp2)
    i.SDMMC_GetCmdResp3                      0x080022cc   Section        0  stm32l4xx_ll_sdmmc.o(i.SDMMC_GetCmdResp3)
    SDMMC_GetCmdResp3                        0x080022cd   Thumb Code    60  stm32l4xx_ll_sdmmc.o(i.SDMMC_GetCmdResp3)
    i.SDMMC_GetCmdResp6                      0x0800230c   Section        0  stm32l4xx_ll_sdmmc.o(i.SDMMC_GetCmdResp6)
    SDMMC_GetCmdResp6                        0x0800230d   Thumb Code   128  stm32l4xx_ll_sdmmc.o(i.SDMMC_GetCmdResp6)
    i.SDMMC_GetPowerState                    0x08002390   Section        0  stm32l4xx_ll_sdmmc.o(i.SDMMC_GetPowerState)
    i.SDMMC_GetResponse                      0x08002398   Section        0  stm32l4xx_ll_sdmmc.o(i.SDMMC_GetResponse)
    i.SDMMC_Init                             0x080023a4   Section        0  stm32l4xx_ll_sdmmc.o(i.SDMMC_Init)
    i.SDMMC_PowerState_ON                    0x080023c8   Section        0  stm32l4xx_ll_sdmmc.o(i.SDMMC_PowerState_ON)
    i.SDMMC_SendCommand                      0x080023d0   Section        0  stm32l4xx_ll_sdmmc.o(i.SDMMC_SendCommand)
    i.SD_CheckStatus                         0x080023f0   Section        0  sd_diskio.o(i.SD_CheckStatus)
    SD_CheckStatus                           0x080023f1   Thumb Code    26  sd_diskio.o(i.SD_CheckStatus)
    i.SD_DMAError                            0x08002410   Section        0  stm32l4xx_hal_sd.o(i.SD_DMAError)
    SD_DMAError                              0x08002411   Thumb Code    86  stm32l4xx_hal_sd.o(i.SD_DMAError)
    i.SD_DMAReceiveCplt                      0x08002466   Section        0  stm32l4xx_hal_sd.o(i.SD_DMAReceiveCplt)
    SD_DMAReceiveCplt                        0x08002467   Thumb Code    62  stm32l4xx_hal_sd.o(i.SD_DMAReceiveCplt)
    i.SD_DMATransmitCplt                     0x080024a4   Section        0  stm32l4xx_hal_sd.o(i.SD_DMATransmitCplt)
    SD_DMATransmitCplt                       0x080024a5   Thumb Code    14  stm32l4xx_hal_sd.o(i.SD_DMATransmitCplt)
    i.SD_InitCard                            0x080024b2   Section        0  stm32l4xx_hal_sd.o(i.SD_InitCard)
    SD_InitCard                              0x080024b3   Thumb Code   230  stm32l4xx_hal_sd.o(i.SD_InitCard)
    i.SD_PowerON                             0x08002598   Section        0  stm32l4xx_hal_sd.o(i.SD_PowerON)
    SD_PowerON                               0x08002599   Thumb Code   162  stm32l4xx_hal_sd.o(i.SD_PowerON)
    i.SD_initialize                          0x0800263a   Section        0  sd_diskio.o(i.SD_initialize)
    i.SD_ioctl                               0x08002640   Section        0  sd_diskio.o(i.SD_ioctl)
    i.SD_read                                0x08002690   Section        0  sd_diskio.o(i.SD_read)
    i.SD_status                              0x080026fc   Section        0  sd_diskio.o(i.SD_status)
    i.SD_write                               0x08002700   Section        0  sd_diskio.o(i.SD_write)
    i.SVC_Handler                            0x0800276c   Section        0  stm32l4xx_it.o(i.SVC_Handler)
    i.SysTick_Handler                        0x0800276e   Section        0  stm32l4xx_it.o(i.SysTick_Handler)
    i.SystemClock_Config                     0x0800277c   Section        0  main.o(i.SystemClock_Config)
    i.SystemInit                             0x08002840   Section        0  system_stm32l4xx.o(i.SystemInit)
    i.UART_AdvFeatureConfig                  0x08002884   Section        0  stm32l4xx_hal_uart.o(i.UART_AdvFeatureConfig)
    i.UART_CheckIdleState                    0x0800294c   Section        0  stm32l4xx_hal_uart.o(i.UART_CheckIdleState)
    i.UART_SetConfig                         0x080029a8   Section        0  stm32l4xx_hal_uart.o(i.UART_SetConfig)
    i.UART_WaitOnFlagUntilTimeout            0x08002c48   Section        0  stm32l4xx_hal_uart.o(i.UART_WaitOnFlagUntilTimeout)
    i.User_SD_File_Write                     0x08002cac   Section        0  main.o(i.User_SD_File_Write)
    i.User_SD_Init                           0x08002d1c   Section        0  main.o(i.User_SD_Init)
    i._Error_Handler                         0x08002d74   Section        0  main.o(i._Error_Handler)
    i.__scatterload_copy                     0x08002d88   Section       14  handlers.o(i.__scatterload_copy)
    i.__scatterload_null                     0x08002d96   Section        2  handlers.o(i.__scatterload_null)
    i.__scatterload_zeroinit                 0x08002d98   Section       14  handlers.o(i.__scatterload_zeroinit)
    i.check_fs                               0x08002da8   Section        0  ff.o(i.check_fs)
    check_fs                                 0x08002da9   Thumb Code   102  ff.o(i.check_fs)
    i.chk_chr                                0x08002e18   Section        0  ff.o(i.chk_chr)
    chk_chr                                  0x08002e19   Thumb Code    16  ff.o(i.chk_chr)
    i.chk_lock                               0x08002e28   Section        0  ff.o(i.chk_lock)
    chk_lock                                 0x08002e29   Thumb Code    86  ff.o(i.chk_lock)
    i.clear_lock                             0x08002e84   Section        0  ff.o(i.clear_lock)
    clear_lock                               0x08002e85   Thumb Code    28  ff.o(i.clear_lock)
    i.clmt_clust                             0x08002ea4   Section        0  ff.o(i.clmt_clust)
    clmt_clust                               0x08002ea5   Thumb Code    36  ff.o(i.clmt_clust)
    i.clust2sect                             0x08002ec8   Section        0  ff.o(i.clust2sect)
    clust2sect                               0x08002ec9   Thumb Code    24  ff.o(i.clust2sect)
    i.cmp_lfn                                0x08002ee0   Section        0  ff.o(i.cmp_lfn)
    cmp_lfn                                  0x08002ee1   Thumb Code   124  ff.o(i.cmp_lfn)
    i.create_chain                           0x08002f66   Section        0  ff.o(i.create_chain)
    create_chain                             0x08002f67   Thumb Code   164  ff.o(i.create_chain)
    i.create_name                            0x0800300c   Section        0  ff.o(i.create_name)
    create_name                              0x0800300d   Thumb Code   494  ff.o(i.create_name)
    i.dir_find                               0x0800321c   Section        0  ff.o(i.dir_find)
    dir_find                                 0x0800321d   Thumb Code   208  ff.o(i.dir_find)
    i.dir_next                               0x080032ec   Section        0  ff.o(i.dir_next)
    dir_next                                 0x080032ed   Thumb Code   244  ff.o(i.dir_next)
    i.dir_register                           0x080033e0   Section        0  ff.o(i.dir_register)
    dir_register                             0x080033e1   Thumb Code   480  ff.o(i.dir_register)
    i.dir_sdi                                0x080035ca   Section        0  ff.o(i.dir_sdi)
    dir_sdi                                  0x080035cb   Thumb Code   130  ff.o(i.dir_sdi)
    i.disk_initialize                        0x0800364c   Section        0  diskio.o(i.disk_initialize)
    i.disk_read                              0x08003674   Section        0  diskio.o(i.disk_read)
    i.disk_status                            0x08003690   Section        0  diskio.o(i.disk_status)
    i.disk_write                             0x080036a8   Section        0  diskio.o(i.disk_write)
    i.f_mount                                0x080036c4   Section        0  ff.o(i.f_mount)
    i.f_open                                 0x0800371c   Section        0  ff.o(i.f_open)
    i.f_write                                0x08003930   Section        0  ff.o(i.f_write)
    i.ff_convert                             0x08003ac4   Section        0  ccsbcs.o(i.ff_convert)
    i.ff_wtoupper                            0x08003afc   Section        0  ccsbcs.o(i.ff_wtoupper)
    i.find_volume                            0x08003b7c   Section        0  ff.o(i.find_volume)
    find_volume                              0x08003b7d   Thumb Code   582  ff.o(i.find_volume)
    i.follow_path                            0x08003dd0   Section        0  ff.o(i.follow_path)
    follow_path                              0x08003dd1   Thumb Code   116  ff.o(i.follow_path)
    i.gen_numname                            0x08003e44   Section        0  ff.o(i.gen_numname)
    gen_numname                              0x08003e45   Thumb Code   122  ff.o(i.gen_numname)
    i.get_fat                                0x08003ec4   Section        0  ff.o(i.get_fat)
    get_fat                                  0x08003ec5   Thumb Code   190  ff.o(i.get_fat)
    i.get_fattime                            0x08003f82   Section        0  fatfs.o(i.get_fattime)
    i.get_ldnumber                           0x08003f86   Section        0  ff.o(i.get_ldnumber)
    get_ldnumber                             0x08003f87   Thumb Code    60  ff.o(i.get_ldnumber)
    i.inc_lock                               0x08003fc4   Section        0  ff.o(i.inc_lock)
    inc_lock                                 0x08003fc5   Thumb Code   124  ff.o(i.inc_lock)
    i.ld_clust                               0x08004044   Section        0  ff.o(i.ld_clust)
    ld_clust                                 0x08004045   Thumb Code    38  ff.o(i.ld_clust)
    i.ld_dword                               0x0800406a   Section        0  ff.o(i.ld_dword)
    ld_dword                                 0x0800406b   Thumb Code    22  ff.o(i.ld_dword)
    i.ld_word                                0x08004080   Section        0  ff.o(i.ld_word)
    ld_word                                  0x08004081   Thumb Code    10  ff.o(i.ld_word)
    i.main                                   0x0800408c   Section        0  main.o(i.main)
    i.mem_cpy                                0x080041b8   Section        0  ff.o(i.mem_cpy)
    mem_cpy                                  0x080041b9   Thumb Code    18  ff.o(i.mem_cpy)
    i.mem_set                                0x080041cc   Section        0  ff.o(i.mem_set)
    mem_set                                  0x080041cd   Thumb Code    14  ff.o(i.mem_set)
    i.move_window                            0x080041da   Section        0  ff.o(i.move_window)
    move_window                              0x080041db   Thumb Code    50  ff.o(i.move_window)
    i.put_fat                                0x0800420c   Section        0  ff.o(i.put_fat)
    put_fat                                  0x0800420d   Thumb Code   234  ff.o(i.put_fat)
    i.remove_chain                           0x080042f6   Section        0  ff.o(i.remove_chain)
    remove_chain                             0x080042f7   Thumb Code   116  ff.o(i.remove_chain)
    i.st_clust                               0x0800436a   Section        0  ff.o(i.st_clust)
    st_clust                                 0x0800436b   Thumb Code    40  ff.o(i.st_clust)
    i.st_dword                               0x08004392   Section        0  ff.o(i.st_dword)
    st_dword                                 0x08004393   Thumb Code    16  ff.o(i.st_dword)
    i.st_word                                0x080043a2   Section        0  ff.o(i.st_word)
    st_word                                  0x080043a3   Thumb Code     8  ff.o(i.st_word)
    i.sum_sfn                                0x080043aa   Section        0  ff.o(i.sum_sfn)
    sum_sfn                                  0x080043ab   Thumb Code    26  ff.o(i.sum_sfn)
    i.sync_window                            0x080043c4   Section        0  ff.o(i.sync_window)
    sync_window                              0x080043c5   Thumb Code    82  ff.o(i.sync_window)
    i.validate                               0x08004416   Section        0  ff.o(i.validate)
    validate                                 0x08004417   Thumb Code    50  ff.o(i.validate)
    .constdata                               0x08004448   Section      170  ff.o(.constdata)
    ExCvt                                    0x08004448   Data         128  ff.o(.constdata)
    LfnOfs                                   0x080044c8   Data          13  ff.o(.constdata)
    cst                                      0x080044d6   Data          14  ff.o(.constdata)
    cst32                                    0x080044e4   Data          14  ff.o(.constdata)
    .constdata                               0x080044f2   Section      942  ccsbcs.o(.constdata)
    Tbl                                      0x080044f2   Data         256  ccsbcs.o(.constdata)
    cvt1                                     0x080045f2   Data         498  ccsbcs.o(.constdata)
    cvt2                                     0x080047e4   Data         188  ccsbcs.o(.constdata)
    .constdata                               0x080048a0   Section       64  system_stm32l4xx.o(.constdata)
    .constdata                               0x080048e0   Section        8  system_stm32l4xx.o(.constdata)
    .constdata                               0x080048e8   Section       20  sd_diskio.o(.constdata)
    .constdata                               0x080048fc   Section      150  main.o(.constdata)
    .data                                    0x20000000   Section        8  ff.o(.data)
    Fsid                                     0x20000000   Data           2  ff.o(.data)
    FatFs                                    0x20000004   Data           4  ff.o(.data)
    .data                                    0x20000008   Section        4  system_stm32l4xx.o(.data)
    .data                                    0x2000000c   Section        4  stm32l4xx_hal.o(.data)
    .data                                    0x20000010   Section       12  sd_diskio.o(.data)
    Stat                                     0x20000010   Data           1  sd_diskio.o(.data)
    WriteStatus                              0x20000014   Data           4  sd_diskio.o(.data)
    ReadStatus                               0x20000018   Data           4  sd_diskio.o(.data)
    .data                                    0x2000001c   Section        5  fatfs.o(.data)
    .data                                    0x20000024   Section       12  main.o(.data)
    .bss                                     0x20000030   Section       32  ff.o(.bss)
    Files                                    0x20000030   Data          32  ff.o(.bss)
    .bss                                     0x20000050   Section       12  ff_gen_drv.o(.bss)
    .bss                                     0x2000005c   Section      564  fatfs.o(.bss)
    .bss                                     0x20000290   Section      560  fatfs.o(.bss)
    .bss                                     0x200004c0   Section      352  main.o(.bss)
    STACK                                    0x20000620   Section     8192  startup_stm32l476xx.o(STACK)

    Global Symbols

    Symbol Name                              Value     Ov Type        Size  Object(Section)

    BuildAttributes$$THM_ISAv4$E$P$D$K$B$S$7EM$VFPi3$EXTD16$VFPS$VFMA$PE$A:L22UL41UL21$X:L11$S22US41US21$IEEE1$IW$USESV6$~STKCKD$USESV7$~SHL$OSPACE$EBA8$MICROLIB$REQ8$PRES8$EABIv2 0x00000000   Number         0  anon$$obj.o ABSOLUTE
    __ARM_use_no_argv                        0x00000000   Number         0  main.o ABSOLUTE
    __cpp_initialize__aeabi_                  - Undefined Weak Reference
    __cxa_finalize                            - Undefined Weak Reference
    __decompress                              - Undefined Weak Reference
    _clock_init                               - Undefined Weak Reference
    _microlib_exit                            - Undefined Weak Reference
    __Vectors_Size                           0x00000188   Number         0  startup_stm32l476xx.o ABSOLUTE
    __Vectors                                0x08000000   Data           4  startup_stm32l476xx.o(RESET)
    __Vectors_End                            0x08000188   Data           0  startup_stm32l476xx.o(RESET)
    __main                                   0x08000189   Thumb Code     0  entry.o(.ARM.Collect$$$$00000000)
    _main_stk                                0x08000189   Thumb Code     0  entry2.o(.ARM.Collect$$$$00000001)
    _main_scatterload                        0x0800018d   Thumb Code     0  entry5.o(.ARM.Collect$$$$00000004)
    __main_after_scatterload                 0x08000191   Thumb Code     0  entry5.o(.ARM.Collect$$$$00000004)
    _main_clock                              0x08000191   Thumb Code     0  entry7b.o(.ARM.Collect$$$$00000008)
    _main_cpp_init                           0x08000191   Thumb Code     0  entry8b.o(.ARM.Collect$$$$0000000A)
    _main_init                               0x08000191   Thumb Code     0  entry9a.o(.ARM.Collect$$$$0000000B)
    __rt_final_cpp                           0x08000199   Thumb Code     0  entry10a.o(.ARM.Collect$$$$0000000D)
    __rt_final_exit                          0x08000199   Thumb Code     0  entry11a.o(.ARM.Collect$$$$0000000F)
    Reset_Handler                            0x0800019d   Thumb Code     8  startup_stm32l476xx.o(.text)
    NMI_Handler                              0x080001a5   Thumb Code     2  startup_stm32l476xx.o(.text)
    HardFault_Handler                        0x080001a7   Thumb Code     2  startup_stm32l476xx.o(.text)
    MemManage_Handler                        0x080001a9   Thumb Code     2  startup_stm32l476xx.o(.text)
    BusFault_Handler                         0x080001ab   Thumb Code     2  startup_stm32l476xx.o(.text)
    UsageFault_Handler                       0x080001ad   Thumb Code     2  startup_stm32l476xx.o(.text)
    DebugMon_Handler                         0x080001b1   Thumb Code     2  startup_stm32l476xx.o(.text)
    ADC1_2_IRQHandler                        0x080001b7   Thumb Code     0  startup_stm32l476xx.o(.text)
    ADC3_IRQHandler                          0x080001b7   Thumb Code     0  startup_stm32l476xx.o(.text)
    CAN1_RX0_IRQHandler                      0x080001b7   Thumb Code     0  startup_stm32l476xx.o(.text)
    CAN1_RX1_IRQHandler                      0x080001b7   Thumb Code     0  startup_stm32l476xx.o(.text)
    CAN1_SCE_IRQHandler                      0x080001b7   Thumb Code     0  startup_stm32l476xx.o(.text)
    CAN1_TX_IRQHandler                       0x080001b7   Thumb Code     0  startup_stm32l476xx.o(.text)
    COMP_IRQHandler                          0x080001b7   Thumb Code     0  startup_stm32l476xx.o(.text)
    DFSDM1_FLT0_IRQHandler                   0x080001b7   Thumb Code     0  startup_stm32l476xx.o(.text)
    DFSDM1_FLT1_IRQHandler                   0x080001b7   Thumb Code     0  startup_stm32l476xx.o(.text)
    DFSDM1_FLT2_IRQHandler                   0x080001b7   Thumb Code     0  startup_stm32l476xx.o(.text)
    DFSDM1_FLT3_IRQHandler                   0x080001b7   Thumb Code     0  startup_stm32l476xx.o(.text)
    DMA1_Channel1_IRQHandler                 0x080001b7   Thumb Code     0  startup_stm32l476xx.o(.text)
    DMA1_Channel2_IRQHandler                 0x080001b7   Thumb Code     0  startup_stm32l476xx.o(.text)
    DMA1_Channel3_IRQHandler                 0x080001b7   Thumb Code     0  startup_stm32l476xx.o(.text)
    DMA1_Channel4_IRQHandler                 0x080001b7   Thumb Code     0  startup_stm32l476xx.o(.text)
    DMA1_Channel5_IRQHandler                 0x080001b7   Thumb Code     0  startup_stm32l476xx.o(.text)
    DMA1_Channel6_IRQHandler                 0x080001b7   Thumb Code     0  startup_stm32l476xx.o(.text)
    DMA1_Channel7_IRQHandler                 0x080001b7   Thumb Code     0  startup_stm32l476xx.o(.text)
    DMA2_Channel1_IRQHandler                 0x080001b7   Thumb Code     0  startup_stm32l476xx.o(.text)
    DMA2_Channel2_IRQHandler                 0x080001b7   Thumb Code     0  startup_stm32l476xx.o(.text)
    DMA2_Channel3_IRQHandler                 0x080001b7   Thumb Code     0  startup_stm32l476xx.o(.text)
    DMA2_Channel4_IRQHandler                 0x080001b7   Thumb Code     0  startup_stm32l476xx.o(.text)
    DMA2_Channel5_IRQHandler                 0x080001b7   Thumb Code     0  startup_stm32l476xx.o(.text)
    DMA2_Channel6_IRQHandler                 0x080001b7   Thumb Code     0  startup_stm32l476xx.o(.text)
    DMA2_Channel7_IRQHandler                 0x080001b7   Thumb Code     0  startup_stm32l476xx.o(.text)
    EXTI0_IRQHandler                         0x080001b7   Thumb Code     0  startup_stm32l476xx.o(.text)
    EXTI15_10_IRQHandler                     0x080001b7   Thumb Code     0  startup_stm32l476xx.o(.text)
    EXTI1_IRQHandler                         0x080001b7   Thumb Code     0  startup_stm32l476xx.o(.text)
    EXTI2_IRQHandler                         0x080001b7   Thumb Code     0  startup_stm32l476xx.o(.text)
    EXTI3_IRQHandler                         0x080001b7   Thumb Code     0  startup_stm32l476xx.o(.text)
    EXTI4_IRQHandler                         0x080001b7   Thumb Code     0  startup_stm32l476xx.o(.text)
    EXTI9_5_IRQHandler                       0x080001b7   Thumb Code     0  startup_stm32l476xx.o(.text)
    FLASH_IRQHandler                         0x080001b7   Thumb Code     0  startup_stm32l476xx.o(.text)
    FMC_IRQHandler                           0x080001b7   Thumb Code     0  startup_stm32l476xx.o(.text)
    FPU_IRQHandler                           0x080001b7   Thumb Code     0  startup_stm32l476xx.o(.text)
    I2C1_ER_IRQHandler                       0x080001b7   Thumb Code     0  startup_stm32l476xx.o(.text)
    I2C1_EV_IRQHandler                       0x080001b7   Thumb Code     0  startup_stm32l476xx.o(.text)
    I2C2_ER_IRQHandler                       0x080001b7   Thumb Code     0  startup_stm32l476xx.o(.text)
    I2C2_EV_IRQHandler                       0x080001b7   Thumb Code     0  startup_stm32l476xx.o(.text)
    I2C3_ER_IRQHandler                       0x080001b7   Thumb Code     0  startup_stm32l476xx.o(.text)
    I2C3_EV_IRQHandler                       0x080001b7   Thumb Code     0  startup_stm32l476xx.o(.text)
    LCD_IRQHandler                           0x080001b7   Thumb Code     0  startup_stm32l476xx.o(.text)
    LPTIM1_IRQHandler                        0x080001b7   Thumb Code     0  startup_stm32l476xx.o(.text)
    LPTIM2_IRQHandler                        0x080001b7   Thumb Code     0  startup_stm32l476xx.o(.text)
    LPUART1_IRQHandler                       0x080001b7   Thumb Code     0  startup_stm32l476xx.o(.text)
    OTG_FS_IRQHandler                        0x080001b7   Thumb Code     0  startup_stm32l476xx.o(.text)
    PVD_PVM_IRQHandler                       0x080001b7   Thumb Code     0  startup_stm32l476xx.o(.text)
    QUADSPI_IRQHandler                       0x080001b7   Thumb Code     0  startup_stm32l476xx.o(.text)
    RCC_IRQHandler                           0x080001b7   Thumb Code     0  startup_stm32l476xx.o(.text)
    RNG_IRQHandler                           0x080001b7   Thumb Code     0  startup_stm32l476xx.o(.text)
    RTC_Alarm_IRQHandler                     0x080001b7   Thumb Code     0  startup_stm32l476xx.o(.text)
    RTC_WKUP_IRQHandler                      0x080001b7   Thumb Code     0  startup_stm32l476xx.o(.text)
    SAI1_IRQHandler                          0x080001b7   Thumb Code     0  startup_stm32l476xx.o(.text)
    SAI2_IRQHandler                          0x080001b7   Thumb Code     0  startup_stm32l476xx.o(.text)
    SDMMC1_IRQHandler                        0x080001b7   Thumb Code     0  startup_stm32l476xx.o(.text)
    SPI1_IRQHandler                          0x080001b7   Thumb Code     0  startup_stm32l476xx.o(.text)
    SPI2_IRQHandler                          0x080001b7   Thumb Code     0  startup_stm32l476xx.o(.text)
    SPI3_IRQHandler                          0x080001b7   Thumb Code     0  startup_stm32l476xx.o(.text)
    SWPMI1_IRQHandler                        0x080001b7   Thumb Code     0  startup_stm32l476xx.o(.text)
    TAMP_STAMP_IRQHandler                    0x080001b7   Thumb Code     0  startup_stm32l476xx.o(.text)
    TIM1_BRK_TIM15_IRQHandler                0x080001b7   Thumb Code     0  startup_stm32l476xx.o(.text)
    TIM1_CC_IRQHandler                       0x080001b7   Thumb Code     0  startup_stm32l476xx.o(.text)
    TIM1_TRG_COM_TIM17_IRQHandler            0x080001b7   Thumb Code     0  startup_stm32l476xx.o(.text)
    TIM1_UP_TIM16_IRQHandler                 0x080001b7   Thumb Code     0  startup_stm32l476xx.o(.text)
    TIM2_IRQHandler                          0x080001b7   Thumb Code     0  startup_stm32l476xx.o(.text)
    TIM3_IRQHandler                          0x080001b7   Thumb Code     0  startup_stm32l476xx.o(.text)
    TIM4_IRQHandler                          0x080001b7   Thumb Code     0  startup_stm32l476xx.o(.text)
    TIM5_IRQHandler                          0x080001b7   Thumb Code     0  startup_stm32l476xx.o(.text)
    TIM6_DAC_IRQHandler                      0x080001b7   Thumb Code     0  startup_stm32l476xx.o(.text)
    TIM7_IRQHandler                          0x080001b7   Thumb Code     0  startup_stm32l476xx.o(.text)
    TIM8_BRK_IRQHandler                      0x080001b7   Thumb Code     0  startup_stm32l476xx.o(.text)
    TIM8_CC_IRQHandler                       0x080001b7   Thumb Code     0  startup_stm32l476xx.o(.text)
    TIM8_TRG_COM_IRQHandler                  0x080001b7   Thumb Code     0  startup_stm32l476xx.o(.text)
    TIM8_UP_IRQHandler                       0x080001b7   Thumb Code     0  startup_stm32l476xx.o(.text)
    TSC_IRQHandler                           0x080001b7   Thumb Code     0  startup_stm32l476xx.o(.text)
    UART4_IRQHandler                         0x080001b7   Thumb Code     0  startup_stm32l476xx.o(.text)
    UART5_IRQHandler                         0x080001b7   Thumb Code     0  startup_stm32l476xx.o(.text)
    USART1_IRQHandler                        0x080001b7   Thumb Code     0  startup_stm32l476xx.o(.text)
    USART2_IRQHandler                        0x080001b7   Thumb Code     0  startup_stm32l476xx.o(.text)
    USART3_IRQHandler                        0x080001b7   Thumb Code     0  startup_stm32l476xx.o(.text)
    WWDG_IRQHandler                          0x080001b7   Thumb Code     0  startup_stm32l476xx.o(.text)
    __aeabi_uldivmod                         0x080001c1   Thumb Code    98  uldiv.o(.text)
    __aeabi_memcpy                           0x08000229   Thumb Code    36  memcpya.o(.text)
    __aeabi_memcpy4                          0x08000229   Thumb Code     0  memcpya.o(.text)
    __aeabi_memcpy8                          0x08000229   Thumb Code     0  memcpya.o(.text)
    __aeabi_llsl                             0x0800024d   Thumb Code    30  llshl.o(.text)
    _ll_shift_l                              0x0800024d   Thumb Code     0  llshl.o(.text)
    __aeabi_llsr                             0x0800026b   Thumb Code    32  llushr.o(.text)
    _ll_ushift_r                             0x0800026b   Thumb Code     0  llushr.o(.text)
    __scatterload                            0x0800028d   Thumb Code    28  init.o(.text)
    __scatterload_rt2                        0x0800028d   Thumb Code     0  init.o(.text)
    BSP_SD_GetCardInfo                       0x080002b1   Thumb Code     8  bsp_driver_sd.o(i.BSP_SD_GetCardInfo)
    BSP_SD_GetCardState                      0x080002bd   Thumb Code    20  bsp_driver_sd.o(i.BSP_SD_GetCardState)
    BSP_SD_ReadBlocks_DMA                    0x080002d5   Thumb Code    24  bsp_driver_sd.o(i.BSP_SD_ReadBlocks_DMA)
    BSP_SD_ReadCpltCallback                  0x080002f1   Thumb Code     8  sd_diskio.o(i.BSP_SD_ReadCpltCallback)
    BSP_SD_WriteBlocks_DMA                   0x080002fd   Thumb Code    24  bsp_driver_sd.o(i.BSP_SD_WriteBlocks_DMA)
    FATFS_LinkDriver                         0x08000343   Thumb Code     6  ff_gen_drv.o(i.FATFS_LinkDriver)
    FATFS_LinkDriverEx                       0x08000349   Thumb Code    58  ff_gen_drv.o(i.FATFS_LinkDriverEx)
    HAL_DMA_Start_IT                         0x08000389   Thumb Code   112  stm32l4xx_hal_dma.o(i.HAL_DMA_Start_IT)
    HAL_Delay                                0x080003f9   Thumb Code    28  stm32l4xx_hal.o(i.HAL_Delay)
    HAL_GPIO_Init                            0x08000415   Thumb Code   414  stm32l4xx_hal_gpio.o(i.HAL_GPIO_Init)
    HAL_GetTick                              0x080005e1   Thumb Code     6  stm32l4xx_hal.o(i.HAL_GetTick)
    HAL_IncTick                              0x080005ed   Thumb Code    10  stm32l4xx_hal.o(i.HAL_IncTick)
    HAL_Init                                 0x080005fd   Thumb Code    32  stm32l4xx_hal.o(i.HAL_Init)
    HAL_InitTick                             0x08000621   Thumb Code    34  stm32l4xx_hal.o(i.HAL_InitTick)
    HAL_MspInit                              0x08000649   Thumb Code   122  stm32l4xx_hal_msp.o(i.HAL_MspInit)
    HAL_NVIC_SetPriority                     0x080006c9   Thumb Code    60  stm32l4xx_hal_cortex.o(i.HAL_NVIC_SetPriority)
    HAL_NVIC_SetPriorityGrouping             0x08000709   Thumb Code    26  stm32l4xx_hal_cortex.o(i.HAL_NVIC_SetPriorityGrouping)
    HAL_PWREx_ControlVoltageScaling          0x0800072d   Thumb Code    86  stm32l4xx_hal_pwr_ex.o(i.HAL_PWREx_ControlVoltageScaling)
    HAL_PWREx_GetVoltageRange                0x08000791   Thumb Code    10  stm32l4xx_hal_pwr_ex.o(i.HAL_PWREx_GetVoltageRange)
    HAL_RCCEx_PeriphCLKConfig                0x080007a1   Thumb Code   928  stm32l4xx_hal_rcc_ex.o(i.HAL_RCCEx_PeriphCLKConfig)
    HAL_RCC_ClockConfig                      0x08000b51   Thumb Code   358  stm32l4xx_hal_rcc.o(i.HAL_RCC_ClockConfig)
    HAL_RCC_GetHCLKFreq                      0x08000cc9   Thumb Code     6  stm32l4xx_hal_rcc.o(i.HAL_RCC_GetHCLKFreq)
    HAL_RCC_GetPCLK1Freq                     0x08000cd5   Thumb Code    20  stm32l4xx_hal_rcc.o(i.HAL_RCC_GetPCLK1Freq)
    HAL_RCC_GetPCLK2Freq                     0x08000cf5   Thumb Code    20  stm32l4xx_hal_rcc.o(i.HAL_RCC_GetPCLK2Freq)
    HAL_RCC_GetSysClockFreq                  0x08000d15   Thumb Code   182  stm32l4xx_hal_rcc.o(i.HAL_RCC_GetSysClockFreq)
    HAL_RCC_OscConfig                        0x08000dd9   Thumb Code  1128  stm32l4xx_hal_rcc.o(i.HAL_RCC_OscConfig)
    HAL_SD_ErrorCallback                     0x08001241   Thumb Code     2  stm32l4xx_hal_sd.o(i.HAL_SD_ErrorCallback)
    HAL_SD_GetCardCSD                        0x08001243   Thumb Code   474  stm32l4xx_hal_sd.o(i.HAL_SD_GetCardCSD)
    HAL_SD_GetCardInfo                       0x0800141d   Thumb Code    36  stm32l4xx_hal_sd.o(i.HAL_SD_GetCardInfo)
    HAL_SD_GetCardState                      0x08001441   Thumb Code    44  stm32l4xx_hal_sd.o(i.HAL_SD_GetCardState)
    HAL_SD_Init                              0x0800146d   Thumb Code    54  stm32l4xx_hal_sd.o(i.HAL_SD_Init)
    HAL_SD_InitCard                          0x080014a3   Thumb Code    96  stm32l4xx_hal_sd.o(i.HAL_SD_InitCard)
    HAL_SD_MspInit                           0x08001505   Thumb Code    72  stm32l4xx_hal_msp.o(i.HAL_SD_MspInit)
    HAL_SD_ReadBlocks_DMA                    0x0800155d   Thumb Code   234  stm32l4xx_hal_sd.o(i.HAL_SD_ReadBlocks_DMA)
    HAL_SD_RxCpltCallback                    0x08001651   Thumb Code     8  bsp_driver_sd.o(i.HAL_SD_RxCpltCallback)
    HAL_SD_WriteBlocks_DMA                   0x08001659   Thumb Code   238  stm32l4xx_hal_sd.o(i.HAL_SD_WriteBlocks_DMA)
    HAL_SPI_Init                             0x08001757   Thumb Code   172  stm32l4xx_hal_spi.o(i.HAL_SPI_Init)
    HAL_SPI_MspInit                          0x08001805   Thumb Code    72  stm32l4xx_hal_msp.o(i.HAL_SPI_MspInit)
    HAL_SYSTICK_CLKSourceConfig              0x0800185d   Thumb Code    24  stm32l4xx_hal_cortex.o(i.HAL_SYSTICK_CLKSourceConfig)
    HAL_SYSTICK_Callback                     0x08001875   Thumb Code     2  stm32l4xx_hal_cortex.o(i.HAL_SYSTICK_Callback)
    HAL_SYSTICK_Config                       0x08001877   Thumb Code    40  stm32l4xx_hal_cortex.o(i.HAL_SYSTICK_Config)
    HAL_SYSTICK_IRQHandler                   0x0800189f   Thumb Code     8  stm32l4xx_hal_cortex.o(i.HAL_SYSTICK_IRQHandler)
    HAL_UART_Init                            0x080018a7   Thumb Code   106  stm32l4xx_hal_uart.o(i.HAL_UART_Init)
    HAL_UART_MspInit                         0x08001911   Thumb Code    64  stm32l4xx_hal_msp.o(i.HAL_UART_MspInit)
    HAL_UART_Transmit                        0x08001959   Thumb Code   176  stm32l4xx_hal_uart.o(i.HAL_UART_Transmit)
    PendSV_Handler                           0x08001b4d   Thumb Code     2  stm32l4xx_it.o(i.PendSV_Handler)
    SDMMC_CmdAppCommand                      0x08001e01   Thumb Code    50  stm32l4xx_ll_sdmmc.o(i.SDMMC_CmdAppCommand)
    SDMMC_CmdAppOperCommand                  0x08001e35   Thumb Code    48  stm32l4xx_ll_sdmmc.o(i.SDMMC_CmdAppOperCommand)
    SDMMC_CmdBlockLength                     0x08001e69   Thumb Code    50  stm32l4xx_ll_sdmmc.o(i.SDMMC_CmdBlockLength)
    SDMMC_CmdGoIdleState                     0x08001e9d   Thumb Code    76  stm32l4xx_ll_sdmmc.o(i.SDMMC_CmdGoIdleState)
    SDMMC_CmdOperCond                        0x08001eed   Thumb Code    98  stm32l4xx_ll_sdmmc.o(i.SDMMC_CmdOperCond)
    SDMMC_CmdReadMultiBlock                  0x08001f55   Thumb Code    50  stm32l4xx_ll_sdmmc.o(i.SDMMC_CmdReadMultiBlock)
    SDMMC_CmdReadSingleBlock                 0x08001f87   Thumb Code    50  stm32l4xx_ll_sdmmc.o(i.SDMMC_CmdReadSingleBlock)
    SDMMC_CmdSelDesel                        0x08001fb9   Thumb Code    50  stm32l4xx_ll_sdmmc.o(i.SDMMC_CmdSelDesel)
    SDMMC_CmdSendCID                         0x08001feb   Thumb Code    44  stm32l4xx_ll_sdmmc.o(i.SDMMC_CmdSendCID)
    SDMMC_CmdSendCSD                         0x08002017   Thumb Code    44  stm32l4xx_ll_sdmmc.o(i.SDMMC_CmdSendCSD)
    SDMMC_CmdSendStatus                      0x08002043   Thumb Code    50  stm32l4xx_ll_sdmmc.o(i.SDMMC_CmdSendStatus)
    SDMMC_CmdSetRelAdd                       0x08002075   Thumb Code    48  stm32l4xx_ll_sdmmc.o(i.SDMMC_CmdSetRelAdd)
    SDMMC_CmdStopTransfer                    0x080020a5   Thumb Code    46  stm32l4xx_ll_sdmmc.o(i.SDMMC_CmdStopTransfer)
    SDMMC_CmdWriteMultiBlock                 0x080020d9   Thumb Code    50  stm32l4xx_ll_sdmmc.o(i.SDMMC_CmdWriteMultiBlock)
    SDMMC_CmdWriteSingleBlock                0x0800210b   Thumb Code    50  stm32l4xx_ll_sdmmc.o(i.SDMMC_CmdWriteSingleBlock)
    SDMMC_ConfigData                         0x0800213d   Thumb Code    36  stm32l4xx_ll_sdmmc.o(i.SDMMC_ConfigData)
    SDMMC_GetPowerState                      0x08002391   Thumb Code     8  stm32l4xx_ll_sdmmc.o(i.SDMMC_GetPowerState)
    SDMMC_GetResponse                        0x08002399   Thumb Code    12  stm32l4xx_ll_sdmmc.o(i.SDMMC_GetResponse)
    SDMMC_Init                               0x080023a5   Thumb Code    36  stm32l4xx_ll_sdmmc.o(i.SDMMC_Init)
    SDMMC_PowerState_ON                      0x080023c9   Thumb Code     8  stm32l4xx_ll_sdmmc.o(i.SDMMC_PowerState_ON)
    SDMMC_SendCommand                        0x080023d1   Thumb Code    32  stm32l4xx_ll_sdmmc.o(i.SDMMC_SendCommand)
    SD_initialize                            0x0800263b   Thumb Code     4  sd_diskio.o(i.SD_initialize)
    SD_ioctl                                 0x08002641   Thumb Code    74  sd_diskio.o(i.SD_ioctl)
    SD_read                                  0x08002691   Thumb Code   102  sd_diskio.o(i.SD_read)
    SD_status                                0x080026fd   Thumb Code     4  sd_diskio.o(i.SD_status)
    SD_write                                 0x08002701   Thumb Code   102  sd_diskio.o(i.SD_write)
    SVC_Handler                              0x0800276d   Thumb Code     2  stm32l4xx_it.o(i.SVC_Handler)
    SysTick_Handler                          0x0800276f   Thumb Code    14  stm32l4xx_it.o(i.SysTick_Handler)
    SystemClock_Config                       0x0800277d   Thumb Code   174  main.o(i.SystemClock_Config)
    SystemInit                               0x08002841   Thumb Code    56  system_stm32l4xx.o(i.SystemInit)
    UART_AdvFeatureConfig                    0x08002885   Thumb Code   200  stm32l4xx_hal_uart.o(i.UART_AdvFeatureConfig)
    UART_CheckIdleState                      0x0800294d   Thumb Code    92  stm32l4xx_hal_uart.o(i.UART_CheckIdleState)
    UART_SetConfig                           0x080029a9   Thumb Code   622  stm32l4xx_hal_uart.o(i.UART_SetConfig)
    UART_WaitOnFlagUntilTimeout              0x08002c49   Thumb Code   100  stm32l4xx_hal_uart.o(i.UART_WaitOnFlagUntilTimeout)
    User_SD_File_Write                       0x08002cad   Thumb Code    64  main.o(i.User_SD_File_Write)
    User_SD_Init                             0x08002d1d   Thumb Code    46  main.o(i.User_SD_Init)
    _Error_Handler                           0x08002d75   Thumb Code    14  main.o(i._Error_Handler)
    __scatterload_copy                       0x08002d89   Thumb Code    14  handlers.o(i.__scatterload_copy)
    __scatterload_null                       0x08002d97   Thumb Code     2  handlers.o(i.__scatterload_null)
    __scatterload_zeroinit                   0x08002d99   Thumb Code    14  handlers.o(i.__scatterload_zeroinit)
    disk_initialize                          0x0800364d   Thumb Code    36  diskio.o(i.disk_initialize)
    disk_read                                0x08003675   Thumb Code    24  diskio.o(i.disk_read)
    disk_status                              0x08003691   Thumb Code    18  diskio.o(i.disk_status)
    disk_write                               0x080036a9   Thumb Code    24  diskio.o(i.disk_write)
    f_mount                                  0x080036c5   Thumb Code    84  ff.o(i.f_mount)
    f_open                                   0x0800371d   Thumb Code   528  ff.o(i.f_open)
    f_write                                  0x08003931   Thumb Code   398  ff.o(i.f_write)
    ff_convert                               0x08003ac5   Thumb Code    52  ccsbcs.o(i.ff_convert)
    ff_wtoupper                              0x08003afd   Thumb Code   120  ccsbcs.o(i.ff_wtoupper)
    get_fattime                              0x08003f83   Thumb Code     4  fatfs.o(i.get_fattime)
    main                                     0x0800408d   Thumb Code   134  main.o(i.main)
    AHBPrescTable                            0x080048a0   Data          16  system_stm32l4xx.o(.constdata)
    MSIRangeTable                            0x080048b0   Data          48  system_stm32l4xx.o(.constdata)
    APBPrescTable                            0x080048e0   Data           8  system_stm32l4xx.o(.constdata)
    SD_Driver                                0x080048e8   Data          20  sd_diskio.o(.constdata)
    Region$$Table$$Base                      0x08004994   Number         0  anon$$obj.o(Region$$Table)
    Region$$Table$$Limit                     0x080049b4   Number         0  anon$$obj.o(Region$$Table)
    SystemCoreClock                          0x20000008   Data           4  system_stm32l4xx.o(.data)
    uwTick                                   0x2000000c   Data           4  stm32l4xx_hal.o(.data)
    retSD                                    0x2000001c   Data           1  fatfs.o(.data)
    SDPath                                   0x2000001d   Data           4  fatfs.o(.data)
    res                                      0x20000024   Data           1  main.o(.data)
    byteswritten                             0x20000028   Data           4  main.o(.data)
    bytesread                                0x2000002c   Data           4  main.o(.data)
    disk                                     0x20000050   Data          12  ff_gen_drv.o(.bss)
    SDFatFS                                  0x2000005c   Data         564  fatfs.o(.bss)
    SDFile                                   0x20000290   Data         560  fatfs.o(.bss)
    hsd1                                     0x200004c0   Data         132  main.o(.bss)
    hspi3                                    0x20000544   Data         100  main.o(.bss)
    huart2                                   0x200005a8   Data         120  main.o(.bss)
    __initial_sp                             0x20002620   Data           0  startup_stm32l476xx.o(STACK)



==============================================================================

Memory Map of the image

  Image Entry point : 0x08000189

  Load Region LR_IROM1 (Base: 0x08000000, Size: 0x000049e4, Max: 0x00100000, ABSOLUTE)

    Execution Region ER_IROM1 (Base: 0x08000000, Size: 0x000049b4, Max: 0x00100000, ABSOLUTE)

    Base Addr    Size         Type   Attr      Idx    E Section Name        Object

    0x08000000   0x00000188   Data   RO          657    RESET               startup_stm32l476xx.o
    0x08000188   0x00000000   Code   RO         4253  * .ARM.Collect$$$$00000000  mc_w.l(entry.o)
    0x08000188   0x00000004   Code   RO         4262    .ARM.Collect$$$$00000001  mc_w.l(entry2.o)
    0x0800018c   0x00000004   Code   RO         4265    .ARM.Collect$$$$00000004  mc_w.l(entry5.o)
    0x08000190   0x00000000   Code   RO         4267    .ARM.Collect$$$$00000008  mc_w.l(entry7b.o)
    0x08000190   0x00000000   Code   RO         4269    .ARM.Collect$$$$0000000A  mc_w.l(entry8b.o)
    0x08000190   0x00000008   Code   RO         4270    .ARM.Collect$$$$0000000B  mc_w.l(entry9a.o)
    0x08000198   0x00000000   Code   RO         4272    .ARM.Collect$$$$0000000D  mc_w.l(entry10a.o)
    0x08000198   0x00000000   Code   RO         4274    .ARM.Collect$$$$0000000F  mc_w.l(entry11a.o)
    0x08000198   0x00000004   Code   RO         4263    .ARM.Collect$$$$00002712  mc_w.l(entry2.o)
    0x0800019c   0x00000024   Code   RO          658    .text               startup_stm32l476xx.o
    0x080001c0   0x00000068   Code   RO         4256    .text               mc_w.l(uldiv.o)
    0x08000228   0x00000024   Code   RO         4258    .text               mc_w.l(memcpya.o)
    0x0800024c   0x0000001e   Code   RO         4276    .text               mc_w.l(llshl.o)
    0x0800026a   0x00000020   Code   RO         4278    .text               mc_w.l(llushr.o)
    0x0800028a   0x00000002   PAD
    0x0800028c   0x00000024   Code   RO         4280    .text               mc_w.l(init.o)
    0x080002b0   0x0000000c   Code   RO         3834    i.BSP_SD_GetCardInfo  bsp_driver_sd.o
    0x080002bc   0x00000018   Code   RO         3835    i.BSP_SD_GetCardState  bsp_driver_sd.o
    0x080002d4   0x0000001c   Code   RO         3841    i.BSP_SD_ReadBlocks_DMA  bsp_driver_sd.o
    0x080002f0   0x0000000c   Code   RO         4022    i.BSP_SD_ReadCpltCallback  sd_diskio.o
    0x080002fc   0x0000001c   Code   RO         3844    i.BSP_SD_WriteBlocks_DMA  bsp_driver_sd.o
    0x08000318   0x0000002a   Code   RO         1029    i.DMA_SetConfig     stm32l4xx_hal_dma.o
    0x08000342   0x00000006   Code   RO          532    i.FATFS_LinkDriver  ff_gen_drv.o
    0x08000348   0x00000040   Code   RO          533    i.FATFS_LinkDriverEx  ff_gen_drv.o
    0x08000388   0x00000070   Code   RO         1040    i.HAL_DMA_Start_IT  stm32l4xx_hal_dma.o
    0x080003f8   0x0000001c   Code   RO         3488    i.HAL_Delay         stm32l4xx_hal.o
    0x08000414   0x000001ca   Code   RO         2134    i.HAL_GPIO_Init     stm32l4xx_hal_gpio.o
    0x080005de   0x00000002   PAD
    0x080005e0   0x0000000c   Code   RO         3492    i.HAL_GetTick       stm32l4xx_hal.o
    0x080005ec   0x00000010   Code   RO         3496    i.HAL_IncTick       stm32l4xx_hal.o
    0x080005fc   0x00000024   Code   RO         3497    i.HAL_Init          stm32l4xx_hal.o
    0x08000620   0x00000028   Code   RO         3498    i.HAL_InitTick      stm32l4xx_hal.o
    0x08000648   0x00000080   Code   RO         3962    i.HAL_MspInit       stm32l4xx_hal_msp.o
    0x080006c8   0x00000040   Code   RO         2892    i.HAL_NVIC_SetPriority  stm32l4xx_hal_cortex.o
    0x08000708   0x00000024   Code   RO         2893    i.HAL_NVIC_SetPriorityGrouping  stm32l4xx_hal_cortex.o
    0x0800072c   0x00000064   Code   RO          784    i.HAL_PWREx_ControlVoltageScaling  stm32l4xx_hal_pwr_ex.o
    0x08000790   0x00000010   Code   RO          815    i.HAL_PWREx_GetVoltageRange  stm32l4xx_hal_pwr_ex.o
    0x080007a0   0x000003ae   Code   RO         3709    i.HAL_RCCEx_PeriphCLKConfig  stm32l4xx_hal_rcc_ex.o
    0x08000b4e   0x00000002   PAD
    0x08000b50   0x00000178   Code   RO         3381    i.HAL_RCC_ClockConfig  stm32l4xx_hal_rcc.o
    0x08000cc8   0x0000000c   Code   RO         3385    i.HAL_RCC_GetHCLKFreq  stm32l4xx_hal_rcc.o
    0x08000cd4   0x00000020   Code   RO         3387    i.HAL_RCC_GetPCLK1Freq  stm32l4xx_hal_rcc.o
    0x08000cf4   0x00000020   Code   RO         3388    i.HAL_RCC_GetPCLK2Freq  stm32l4xx_hal_rcc.o
    0x08000d14   0x000000c4   Code   RO         3389    i.HAL_RCC_GetSysClockFreq  stm32l4xx_hal_rcc.o
    0x08000dd8   0x00000468   Code   RO         3392    i.HAL_RCC_OscConfig  stm32l4xx_hal_rcc.o
    0x08001240   0x00000002   Code   RO         1488    i.HAL_SD_ErrorCallback  stm32l4xx_hal_sd.o
    0x08001242   0x000001da   Code   RO         1490    i.HAL_SD_GetCardCSD  stm32l4xx_hal_sd.o
    0x0800141c   0x00000024   Code   RO         1491    i.HAL_SD_GetCardInfo  stm32l4xx_hal_sd.o
    0x08001440   0x0000002c   Code   RO         1492    i.HAL_SD_GetCardState  stm32l4xx_hal_sd.o
    0x0800146c   0x00000036   Code   RO         1497    i.HAL_SD_Init       stm32l4xx_hal_sd.o
    0x080014a2   0x00000060   Code   RO         1498    i.HAL_SD_InitCard   stm32l4xx_hal_sd.o
    0x08001502   0x00000002   PAD
    0x08001504   0x00000058   Code   RO         3964    i.HAL_SD_MspInit    stm32l4xx_hal_msp.o
    0x0800155c   0x000000f4   Code   RO         1502    i.HAL_SD_ReadBlocks_DMA  stm32l4xx_hal_sd.o
    0x08001650   0x00000008   Code   RO         3847    i.HAL_SD_RxCpltCallback  bsp_driver_sd.o
    0x08001658   0x000000fe   Code   RO         1507    i.HAL_SD_WriteBlocks_DMA  stm32l4xx_hal_sd.o
    0x08001756   0x000000ac   Code   RO         1135    i.HAL_SPI_Init      stm32l4xx_hal_spi.o
    0x08001802   0x00000002   PAD
    0x08001804   0x00000058   Code   RO         3966    i.HAL_SPI_MspInit   stm32l4xx_hal_msp.o
    0x0800185c   0x00000018   Code   RO         2895    i.HAL_SYSTICK_CLKSourceConfig  stm32l4xx_hal_cortex.o
    0x08001874   0x00000002   Code   RO         2896    i.HAL_SYSTICK_Callback  stm32l4xx_hal_cortex.o
    0x08001876   0x00000028   Code   RO         2897    i.HAL_SYSTICK_Config  stm32l4xx_hal_cortex.o
    0x0800189e   0x00000008   Code   RO         2898    i.HAL_SYSTICK_IRQHandler  stm32l4xx_hal_cortex.o
    0x080018a6   0x0000006a   Code   RO         3050    i.HAL_UART_Init     stm32l4xx_hal_uart.o
    0x08001910   0x00000048   Code   RO         3968    i.HAL_UART_MspInit  stm32l4xx_hal_msp.o
    0x08001958   0x000000b0   Code   RO         3058    i.HAL_UART_Transmit  stm32l4xx_hal_uart.o
    0x08001a08   0x0000005c   Code   RO         4175    i.MX_GPIO_Init      main.o
    0x08001a64   0x0000006c   Code   RO         4176    i.MX_SPI3_Init      main.o
    0x08001ad0   0x0000005c   Code   RO         4177    i.MX_USART2_UART_Init  main.o
    0x08001b2c   0x00000020   Code   RO         2899    i.NVIC_SetPriority  stm32l4xx_hal_cortex.o
    0x08001b4c   0x00000002   Code   RO         4136    i.PendSV_Handler    stm32l4xx_it.o
    0x08001b4e   0x00000002   PAD
    0x08001b50   0x0000012c   Code   RO         3712    i.RCCEx_PLLSAI1_Config  stm32l4xx_hal_rcc_ex.o
    0x08001c7c   0x00000108   Code   RO         3713    i.RCCEx_PLLSAI2_Config  stm32l4xx_hal_rcc_ex.o
    0x08001d84   0x0000007c   Code   RO         3393    i.RCC_SetFlashLatencyFromMSIRange  stm32l4xx_hal_rcc.o
    0x08001e00   0x00000032   Code   RO         1867    i.SDMMC_CmdAppCommand  stm32l4xx_ll_sdmmc.o
    0x08001e32   0x00000002   PAD
    0x08001e34   0x00000034   Code   RO         1868    i.SDMMC_CmdAppOperCommand  stm32l4xx_ll_sdmmc.o
    0x08001e68   0x00000032   Code   RO         1869    i.SDMMC_CmdBlockLength  stm32l4xx_ll_sdmmc.o
    0x08001e9a   0x00000002   PAD
    0x08001e9c   0x00000050   Code   RO         1874    i.SDMMC_CmdGoIdleState  stm32l4xx_ll_sdmmc.o
    0x08001eec   0x00000068   Code   RO         1876    i.SDMMC_CmdOperCond  stm32l4xx_ll_sdmmc.o
    0x08001f54   0x00000032   Code   RO         1877    i.SDMMC_CmdReadMultiBlock  stm32l4xx_ll_sdmmc.o
    0x08001f86   0x00000032   Code   RO         1878    i.SDMMC_CmdReadSingleBlock  stm32l4xx_ll_sdmmc.o
    0x08001fb8   0x00000032   Code   RO         1881    i.SDMMC_CmdSelDesel  stm32l4xx_ll_sdmmc.o
    0x08001fea   0x0000002c   Code   RO         1882    i.SDMMC_CmdSendCID  stm32l4xx_ll_sdmmc.o
    0x08002016   0x0000002c   Code   RO         1883    i.SDMMC_CmdSendCSD  stm32l4xx_ll_sdmmc.o
    0x08002042   0x00000032   Code   RO         1885    i.SDMMC_CmdSendStatus  stm32l4xx_ll_sdmmc.o
    0x08002074   0x00000030   Code   RO         1886    i.SDMMC_CmdSetRelAdd  stm32l4xx_ll_sdmmc.o
    0x080020a4   0x00000034   Code   RO         1888    i.SDMMC_CmdStopTransfer  stm32l4xx_ll_sdmmc.o
    0x080020d8   0x00000032   Code   RO         1890    i.SDMMC_CmdWriteMultiBlock  stm32l4xx_ll_sdmmc.o
    0x0800210a   0x00000032   Code   RO         1891    i.SDMMC_CmdWriteSingleBlock  stm32l4xx_ll_sdmmc.o
    0x0800213c   0x00000024   Code   RO         1892    i.SDMMC_ConfigData  stm32l4xx_ll_sdmmc.o
    0x08002160   0x0000011c   Code   RO         1893    i.SDMMC_GetCmdResp1  stm32l4xx_ll_sdmmc.o
    0x0800227c   0x00000050   Code   RO         1894    i.SDMMC_GetCmdResp2  stm32l4xx_ll_sdmmc.o
    0x080022cc   0x00000040   Code   RO         1895    i.SDMMC_GetCmdResp3  stm32l4xx_ll_sdmmc.o
    0x0800230c   0x00000084   Code   RO         1896    i.SDMMC_GetCmdResp6  stm32l4xx_ll_sdmmc.o
    0x08002390   0x00000008   Code   RO         1900    i.SDMMC_GetPowerState  stm32l4xx_ll_sdmmc.o
    0x08002398   0x0000000c   Code   RO         1901    i.SDMMC_GetResponse  stm32l4xx_ll_sdmmc.o
    0x080023a4   0x00000024   Code   RO         1902    i.SDMMC_Init        stm32l4xx_ll_sdmmc.o
    0x080023c8   0x00000008   Code   RO         1904    i.SDMMC_PowerState_ON  stm32l4xx_ll_sdmmc.o
    0x080023d0   0x00000020   Code   RO         1906    i.SDMMC_SendCommand  stm32l4xx_ll_sdmmc.o
    0x080023f0   0x00000020   Code   RO         4024    i.SD_CheckStatus    sd_diskio.o
    0x08002410   0x00000056   Code   RO         1509    i.SD_DMAError       stm32l4xx_hal_sd.o
    0x08002466   0x0000003e   Code   RO         1510    i.SD_DMAReceiveCplt  stm32l4xx_hal_sd.o
    0x080024a4   0x0000000e   Code   RO         1512    i.SD_DMATransmitCplt  stm32l4xx_hal_sd.o
    0x080024b2   0x000000e6   Code   RO         1515    i.SD_InitCard       stm32l4xx_hal_sd.o
    0x08002598   0x000000a2   Code   RO         1516    i.SD_PowerON        stm32l4xx_hal_sd.o
    0x0800263a   0x00000004   Code   RO         4025    i.SD_initialize     sd_diskio.o
    0x0800263e   0x00000002   PAD
    0x08002640   0x00000050   Code   RO         4026    i.SD_ioctl          sd_diskio.o
    0x08002690   0x0000006c   Code   RO         4027    i.SD_read           sd_diskio.o
    0x080026fc   0x00000004   Code   RO         4028    i.SD_status         sd_diskio.o
    0x08002700   0x0000006c   Code   RO         4029    i.SD_write          sd_diskio.o
    0x0800276c   0x00000002   Code   RO         4137    i.SVC_Handler       stm32l4xx_it.o
    0x0800276e   0x0000000e   Code   RO         4138    i.SysTick_Handler   stm32l4xx_it.o
    0x0800277c   0x000000c4   Code   RO         4178    i.SystemClock_Config  main.o
    0x08002840   0x00000044   Code   RO          666    i.SystemInit        system_stm32l4xx.o
    0x08002884   0x000000c8   Code   RO         3063    i.UART_AdvFeatureConfig  stm32l4xx_hal_uart.o
    0x0800294c   0x0000005c   Code   RO         3064    i.UART_CheckIdleState  stm32l4xx_hal_uart.o
    0x080029a8   0x000002a0   Code   RO         3079    i.UART_SetConfig    stm32l4xx_hal_uart.o
    0x08002c48   0x00000064   Code   RO         3082    i.UART_WaitOnFlagUntilTimeout  stm32l4xx_hal_uart.o
    0x08002cac   0x00000070   Code   RO         4180    i.User_SD_File_Write  main.o
    0x08002d1c   0x00000058   Code   RO         4181    i.User_SD_Init      main.o
    0x08002d74   0x00000014   Code   RO         4182    i._Error_Handler    main.o
    0x08002d88   0x0000000e   Code   RO         4284    i.__scatterload_copy  mc_w.l(handlers.o)
    0x08002d96   0x00000002   Code   RO         4285    i.__scatterload_null  mc_w.l(handlers.o)
    0x08002d98   0x0000000e   Code   RO         4286    i.__scatterload_zeroinit  mc_w.l(handlers.o)
    0x08002da6   0x00000002   PAD
    0x08002da8   0x00000070   Code   RO            4    i.check_fs          ff.o
    0x08002e18   0x00000010   Code   RO            5    i.chk_chr           ff.o
    0x08002e28   0x0000005c   Code   RO            6    i.chk_lock          ff.o
    0x08002e84   0x00000020   Code   RO            7    i.clear_lock        ff.o
    0x08002ea4   0x00000024   Code   RO            8    i.clmt_clust        ff.o
    0x08002ec8   0x00000018   Code   RO            9    i.clust2sect        ff.o
    0x08002ee0   0x00000086   Code   RO           10    i.cmp_lfn           ff.o
    0x08002f66   0x000000a4   Code   RO           11    i.create_chain      ff.o
    0x0800300a   0x00000002   PAD
    0x0800300c   0x0000020e   Code   RO           12    i.create_name       ff.o
    0x0800321a   0x00000002   PAD
    0x0800321c   0x000000d0   Code   RO           14    i.dir_find          ff.o
    0x080032ec   0x000000f4   Code   RO           15    i.dir_next          ff.o
    0x080033e0   0x000001ea   Code   RO           17    i.dir_register      ff.o
    0x080035ca   0x00000082   Code   RO           19    i.dir_sdi           ff.o
    0x0800364c   0x00000028   Code   RO          603    i.disk_initialize   diskio.o
    0x08003674   0x0000001c   Code   RO          605    i.disk_read         diskio.o
    0x08003690   0x00000018   Code   RO          606    i.disk_status       diskio.o
    0x080036a8   0x0000001c   Code   RO          607    i.disk_write        diskio.o
    0x080036c4   0x00000058   Code   RO           27    i.f_mount           ff.o
    0x0800371c   0x00000214   Code   RO           28    i.f_open            ff.o
    0x08003930   0x00000194   Code   RO           40    i.f_write           ff.o
    0x08003ac4   0x00000038   Code   RO          489    i.ff_convert        ccsbcs.o
    0x08003afc   0x00000080   Code   RO          490    i.ff_wtoupper       ccsbcs.o
    0x08003b7c   0x00000254   Code   RO           41    i.find_volume       ff.o
    0x08003dd0   0x00000074   Code   RO           42    i.follow_path       ff.o
    0x08003e44   0x00000080   Code   RO           43    i.gen_numname       ff.o
    0x08003ec4   0x000000be   Code   RO           44    i.get_fat           ff.o
    0x08003f82   0x00000004   Code   RO         4095    i.get_fattime       fatfs.o
    0x08003f86   0x0000003c   Code   RO           46    i.get_ldnumber      ff.o
    0x08003fc2   0x00000002   PAD
    0x08003fc4   0x00000080   Code   RO           47    i.inc_lock          ff.o
    0x08004044   0x00000026   Code   RO           48    i.ld_clust          ff.o
    0x0800406a   0x00000016   Code   RO           49    i.ld_dword          ff.o
    0x08004080   0x0000000a   Code   RO           50    i.ld_word           ff.o
    0x0800408a   0x00000002   PAD
    0x0800408c   0x0000012c   Code   RO         4183    i.main              main.o
    0x080041b8   0x00000012   Code   RO           51    i.mem_cpy           ff.o
    0x080041ca   0x00000002   PAD
    0x080041cc   0x0000000e   Code   RO           52    i.mem_set           ff.o
    0x080041da   0x00000032   Code   RO           53    i.move_window       ff.o
    0x0800420c   0x000000ea   Code   RO           55    i.put_fat           ff.o
    0x080042f6   0x00000074   Code   RO           58    i.remove_chain      ff.o
    0x0800436a   0x00000028   Code   RO           59    i.st_clust          ff.o
    0x08004392   0x00000010   Code   RO           60    i.st_dword          ff.o
    0x080043a2   0x00000008   Code   RO           61    i.st_word           ff.o
    0x080043aa   0x0000001a   Code   RO           62    i.sum_sfn           ff.o
    0x080043c4   0x00000052   Code   RO           64    i.sync_window       ff.o
    0x08004416   0x00000032   Code   RO           65    i.validate          ff.o
    0x08004448   0x000000aa   Data   RO           67    .constdata          ff.o
    0x080044f2   0x000003ae   Data   RO          491    .constdata          ccsbcs.o
    0x080048a0   0x00000040   Data   RO          667    .constdata          system_stm32l4xx.o
    0x080048e0   0x00000008   Data   RO          668    .constdata          system_stm32l4xx.o
    0x080048e8   0x00000014   Data   RO         4030    .constdata          sd_diskio.o
    0x080048fc   0x00000096   Data   RO         4188    .constdata          main.o
    0x08004992   0x00000002   PAD
    0x08004994   0x00000020   Data   RO         4282    Region$$Table       anon$$obj.o


    Execution Region RW_IRAM1 (Base: 0x20000000, Size: 0x00002620, Max: 0x00018000, ABSOLUTE)

    Base Addr    Size         Type   Attr      Idx    E Section Name        Object

    0x20000000   0x00000008   Data   RW           68    .data               ff.o
    0x20000008   0x00000004   Data   RW          669    .data               system_stm32l4xx.o
    0x2000000c   0x00000004   Data   RW         3513    .data               stm32l4xx_hal.o
    0x20000010   0x0000000c   Data   RW         4031    .data               sd_diskio.o
    0x2000001c   0x00000005   Data   RW         4098    .data               fatfs.o
    0x20000021   0x00000003   PAD
    0x20000024   0x0000000c   Data   RW         4189    .data               main.o
    0x20000030   0x00000020   Zero   RW           66    .bss                ff.o
    0x20000050   0x0000000c   Zero   RW          536    .bss                ff_gen_drv.o
    0x2000005c   0x00000234   Zero   RW         4096    .bss                fatfs.o
    0x20000290   0x00000230   Zero   RW         4097    .bss                fatfs.o
    0x200004c0   0x00000160   Zero   RW         4184    .bss                main.o
    0x20000620   0x00002000   Zero   RW          655    STACK               startup_stm32l476xx.o


==============================================================================

Image component sizes


      Code (inc. data)   RO Data    RW Data    ZI Data      Debug   Object Name

       100         16          0          0          0       3441   bsp_driver_sd.o
       184         22        942          0          0       2895   ccsbcs.o
       120         18          0          0          0       3144   diskio.o
         4          0          0          5       1124       1064   fatfs.o
      5174         86        170          8         32     861442   ff.o
        70          6          0          0         12       2507   ff_gen_drv.o
      1008        362        150         12        352       5662   main.o
       348         28         20         12          0       5162   sd_diskio.o
        36          8        392          0       8192        824   startup_stm32l476xx.o
       132         22          0          4          0       4283   stm32l4xx_hal.o
       206         14          0          0          0      31616   stm32l4xx_hal_cortex.o
       154          0          0          0          0       2091   stm32l4xx_hal_dma.o
       458         38          0          0          0       1908   stm32l4xx_hal_gpio.o
       376         46          0          0          0       3032   stm32l4xx_hal_msp.o
       116         20          0          0          0       1402   stm32l4xx_hal_pwr_ex.o
      1900         94          0          0          0       7404   stm32l4xx_hal_rcc.o
      1506         44          0          0          0       4168   stm32l4xx_hal_rcc_ex.o
      1758         20          0          0          0      11515   stm32l4xx_hal_sd.o
       172          0          0          0          0       1291   stm32l4xx_hal_spi.o
      1346         70          0          0          0       6521   stm32l4xx_hal_uart.o
        18          0          0          0          0       1449   stm32l4xx_it.o
      1516         42          0          0          0      20618   stm32l4xx_ll_sdmmc.o
        68         12         72          4          0       1269   system_stm32l4xx.o

    ----------------------------------------------------------------------
     16796        968       1780         48       9712     984708   Object Totals
         0          0         32          0          0          0   (incl. Generated)
        26          0          2          3          0          0   (incl. Padding)

    ----------------------------------------------------------------------

      Code (inc. data)   RO Data    RW Data    ZI Data      Debug   Library Member Name

         0          0          0          0          0          0   entry.o
         0          0          0          0          0          0   entry10a.o
         0          0          0          0          0          0   entry11a.o
         8          4          0          0          0          0   entry2.o
         4          0          0          0          0          0   entry5.o
         0          0          0          0          0          0   entry7b.o
         0          0          0          0          0          0   entry8b.o
         8          4          0          0          0          0   entry9a.o
        30          0          0          0          0          0   handlers.o
        36          8          0          0          0         68   init.o
        30          0          0          0          0         68   llshl.o
        32          0          0          0          0         68   llushr.o
        36          0          0          0          0         68   memcpya.o
       104          0          0          0          0         92   uldiv.o

    ----------------------------------------------------------------------
       292         16          0          0          0        364   Library Totals
         4          0          0          0          0          0   (incl. Padding)

    ----------------------------------------------------------------------

      Code (inc. data)   RO Data    RW Data    ZI Data      Debug   Library Name

       288         16          0          0          0        364   mc_w.l

    ----------------------------------------------------------------------
       292         16          0          0          0        364   Library Totals

    ----------------------------------------------------------------------

==============================================================================


      Code (inc. data)   RO Data    RW Data    ZI Data      Debug   

     17088        984       1780         48       9712     971472   Grand Totals
     17088        984       1780         48       9712     971472   ELF Image Totals
     17088        984       1780         48          0          0   ROM Totals

==============================================================================

    Total RO  Size (Code + RO Data)                18868 (  18.43kB)
    Total RW  Size (RW Data + ZI Data)              9760 (   9.53kB)
    Total ROM Size (Code + RO Data + RW Data)      18916 (  18.47kB)

==============================================================================

